Filing backfill: LLY now holds 4 periodic filings.
Filing backfill: JPM now holds 4 periodic filings.
Filing backfill: V now holds 4 periodic filings.
Filing backfill: INTC now holds 4 periodic filings.
Filing backfill: JNJ now holds 4 periodic filings.
Filing backfill: MA now holds 4 periodic filings.
Filing backfill: PLTR now holds 4 periodic filings.
Filing backfill: ORCL now holds 4 periodic filings.
Filing backfill: CSCO now holds 4 periodic filings.
Filing backfill: LRCX now holds 4 periodic filings.
Filing backfill: CAT now holds 4 periodic filings.
Filing backfill: MRK now holds 4 periodic filings.
Filing backfill: DELL now holds 4 periodic filings.
Filing backfill: PG now holds 4 periodic filings.
Filing backfill: UNH now holds 4 periodic filings.
Filing backfill: GE now holds 4 periodic filings.
Filing backfill: PANW now holds 4 periodic filings.
Filing backfill: MS now holds 4 periodic filings.
Filing backfill: PM now holds 4 periodic filings.
Filing backfill: HD now holds 4 periodic filings.
Filing backfill: CRWD now holds 4 periodic filings.
Filing backfill: GS now holds 4 periodic filings.
Filing backfill: ANET now holds 4 periodic filings.
Filing backfill: GEV now holds 4 periodic filings.
Filing backfill: TMO now holds 4 periodic filings.
Filing backfill: WFC now holds 4 periodic filings.
Filing backfill: TXN now holds 4 periodic filings.
Filing backfill: KLAC now holds 4 periodic filings.
Filing backfill: MRVL now holds 4 periodic filings.
Filing backfill: LIN now holds 4 periodic filings.
Filing backfill: IBM now holds 4 periodic filings.
Filing backfill: QCOM now holds 4 periodic filings.
Filing backfill: STX now holds 4 periodic filings.
Filing backfill: APH now holds 4 periodic filings.
Filing backfill: CRM now holds 4 periodic filings.
Filing backfill: DE now holds 4 periodic filings.
Filing backfill: SHOP now holds 4 periodic filings.
Filing backfill: GILD now holds 4 periodic filings.
Filing backfill: DIS now holds 4 periodic filings.
Filing backfill: SCHW now holds 4 periodic filings.
Filing backfill: ETN now holds 4 periodic filings.
Filing backfill: SCCO now holds 4 periodic filings.
Filing backfill: MCD now holds 4 periodic filings.
Filing backfill: WELL now holds 4 periodic filings.
Filing backfill: WDC now holds 4 periodic filings.
Filing backfill: PFE now holds 4 periodic filings.
Filing backfill: DHR now holds 4 periodic filings.
Filing backfill: COP now holds 4 periodic filings.
Filing backfill: IBKR now holds 4 periodic filings.
Filing backfill: TJX now holds 4 periodic filings.
Filing backfill: ISRG now holds 4 periodic filings.
Filing backfill: NOW now holds 4 periodic filings.
Filing backfill: UBER now holds 4 periodic filings.
Filing backfill: BX now holds 4 periodic filings.
Filing backfill: GLW now holds 4 periodic filings.
Filing backfill: VRTX now holds 4 periodic filings.
Filing backfill: FTNT now holds 4 periodic filings.
Filing backfill: PLD now holds 4 periodic filings.
Filing backfill: CB now holds 4 periodic filings.
Filing backfill: NET now holds 4 periodic filings.
Filing backfill: NEM now holds 4 periodic filings.
Filing backfill: PH now holds 4 periodic filings.
Filing backfill: LMT now holds 4 periodic filings.
Filing backfill: COF now holds 4 periodic filings.
Filing backfill: SPGI now holds 4 periodic filings.
Filing backfill: SNOW now holds 4 periodic filings.
Filing backfill: PGR now holds 4 periodic filings.
Filing backfill: MO now holds 4 periodic filings.
Filing backfill: MDT now holds 4 periodic filings.
Filing backfill: VLO now holds 4 periodic filings.
Filing backfill: MPC now holds 4 periodic filings.
Filing backfill: ACN now holds 4 periodic filings.
Filing backfill: HOOD now holds 4 periodic filings.
Filing backfill: CVS now holds 4 periodic filings.
Filing backfill: SBUX now holds 4 periodic filings.
Filing backfill: LOW now holds 4 periodic filings.
Filing backfill: ENB now holds 4 periodic filings.
Filing backfill: APP now holds 4 periodic filings.
Filing backfill: ADP now holds 4 periodic filings.
Filing backfill: SYK now holds 4 periodic filings.
Filing backfill: FCX now holds 4 periodic filings.
Filing backfill: PSX now holds 4 periodic filings.
Filing backfill: EQIX now holds 4 periodic filings.
Filing backfill: MCK now holds 4 periodic filings.
Filing backfill: BNY now holds 4 periodic filings.
pass 1: examined 120, stored 340, already held 35, failed 0, 910 companies still below target
Filing backfill: PWR now holds 4 periodic filings.
Filing backfill: CME now holds 4 periodic filings.
Filing backfill: TT now holds 4 periodic filings.
Filing backfill: VRT now holds 4 periodic filings.
Filing backfill: CEG now holds 4 periodic filings.
Filing backfill: HCA now holds 4 periodic filings.
Filing backfill: HWM now holds 4 periodic filings.
Filing backfill: MAR now holds 4 periodic filings.
Filing backfill: GD now holds 4 periodic filings.
Filing backfill: DDOG now holds 4 periodic filings.
Filing backfill: USB now holds 4 periodic filings.
Filing backfill: PNC now holds 4 periodic filings.
Filing backfill: DUK now holds 4 periodic filings.
Filing backfill: MELI now holds 4 periodic filings.
Filing backfill: ICE now holds 4 periodic filings.
Filing backfill: KKR now holds 4 periodic filings.
Filing backfill: CDNS now holds 4 periodic filings.
Filing backfill: JCI now holds 4 periodic filings.
Filing backfill: MMM now holds 4 periodic filings.
Filing backfill: CSX now holds 4 periodic filings.
Filing backfill: EMR now holds 4 periodic filings.
Filing backfill: ELV now holds 4 periodic filings.
Filing backfill: WMB now holds 4 periodic filings.
Filing backfill: HPE now holds 4 periodic filings.
Filing backfill: MNST now holds 4 periodic filings.
Filing backfill: LITE now holds 4 periodic filings.
Filing backfill: WM now holds 4 periodic filings.
Filing backfill: REGN now holds 4 periodic filings.
Filing backfill: SNPS now holds 4 periodic filings.
Filing backfill: MRSH now holds 4 periodic filings.
Filing backfill: DASH now holds 4 periodic filings.
Filing backfill: MCO now holds 4 periodic filings.
Filing backfill: EPD now holds 4 periodic filings.
Filing backfill: CTAS now holds 4 periodic filings.
Filing backfill: UPS now holds 4 periodic filings.
Filing backfill: BE now holds 4 periodic filings.
Filing backfill: SPG now holds 4 periodic filings.
Filing backfill: MDLZ now holds 4 periodic filings.
Filing backfill: SHW now holds 4 periodic filings.
Filing backfill: WBD now holds 4 periodic filings.
Filing backfill: ITW now holds 4 periodic filings.
Filing backfill: ECL now holds 4 periodic filings.
Filing backfill: CP now holds 4 periodic filings.
Filing backfill: SLB now holds 4 periodic filings.
Filing backfill: TRV now holds 4 periodic filings.
Filing backfill: MRNA now holds 4 periodic filings.
Filing backfill: MSI now holds 4 periodic filings.
Filing backfill: ROST now holds 4 periodic filings.
Filing backfill: EOG now holds 4 periodic filings.
Filing backfill: INTU now holds 4 periodic filings.
Filing backfill: GM now holds 4 periodic filings.
Filing backfill: NOC now holds 4 periodic filings.
Filing backfill: TGT now holds 4 periodic filings.
Filing backfill: CMI now holds 4 periodic filings.
Filing backfill: APO now holds 4 periodic filings.
Filing backfill: BAM now holds 4 periodic filings.
Filing backfill: HLT now holds 4 periodic filings.
Filing backfill: ET now holds 4 periodic filings.
Filing backfill: NSC now holds 4 periodic filings.
Filing backfill: CVNA now holds 4 periodic filings.
Filing backfill: CI now holds 4 periodic filings.
Filing backfill: ORLY now holds 4 periodic filings.
Filing backfill: KMI now holds 4 periodic filings.
Filing backfill: DLR now holds 4 periodic filings.
Filing backfill: CL now holds 4 periodic filings.
pass 2: examined 120, stored 260, already held 55, failed 0, 845 companies still below target
Filing backfill: HON now holds 4 periodic filings.
Filing backfill: FDX now holds 4 periodic filings.
Filing backfill: MPWR now holds 4 periodic filings.
Filing backfill: RSG now holds 4 periodic filings.
Filing backfill: MSTR now holds 4 periodic filings.
Filing backfill: RCL now holds 4 periodic filings.
Filing backfill: URI now holds 4 periodic filings.
Filing backfill: ALAB now holds 4 periodic filings.
Filing backfill: TEL now holds 4 periodic filings.
Filing backfill: MET now holds 4 periodic filings.
Filing backfill: TDG now holds 4 periodic filings.
Filing backfill: KEYS now holds 4 periodic filings.
Filing backfill: TRGP now holds 4 periodic filings.
Filing backfill: TER now holds 4 periodic filings.
Filing backfill: GWW now holds 4 periodic filings.
Filing backfill: COR now holds 4 periodic filings.
Filing backfill: MPLX now holds 4 periodic filings.
Filing backfill: AON now holds 4 periodic filings.
Filing backfill: NTRA now holds 4 periodic filings.
Filing backfill: AJG now holds 4 periodic filings.
Filing backfill: NXPI now holds 4 periodic filings.
Filing backfill: FAST now holds 4 periodic filings.
Filing backfill: PCAR now holds 4 periodic filings.
Filing backfill: FIX now holds 4 periodic filings.
Filing backfill: OXY now holds 4 periodic filings.
Filing backfill: ALL now holds 4 periodic filings.
Filing backfill: COHR now holds 4 periodic filings.
Filing backfill: AFL now holds 4 periodic filings.
Filing backfill: TFC now holds 4 periodic filings.
Filing backfill: OKE now holds 4 periodic filings.
Filing backfill: BKR now holds 4 periodic filings.
Filing backfill: LNG now holds 4 periodic filings.
Filing backfill: NUE now holds 4 periodic filings.
Filing backfill: AME now holds 4 periodic filings.
Filing backfill: GRMN now holds 4 periodic filings.
Filing backfill: CRH now holds 4 periodic filings.
Filing backfill: DAL now holds 4 periodic filings.
Filing backfill: DVN now holds 4 periodic filings.
Filing backfill: D now holds 4 periodic filings.
Filing backfill: PSA now holds 4 periodic filings.
Filing backfill: NKE now holds 4 periodic filings.
Filing backfill: CTVA now holds 4 periodic filings.
Filing backfill: FANG now holds 4 periodic filings.
Filing backfill: COIN now holds 4 periodic filings.
Filing backfill: O now holds 4 periodic filings.
Filing backfill: CAH now holds 4 periodic filings.
Filing backfill: HONA now holds 1 periodic filings.
Filing backfill: CIEN now holds 4 periodic filings.
Filing backfill: SRE now holds 4 periodic filings.
Filing backfill: F now holds 4 periodic filings.
Filing backfill: CRWV now holds 4 periodic filings.
pass 3: examined 120, stored 201, already held 69, failed 0, 795 companies still below target
Filing backfill: EW now holds 4 periodic filings.
Filing backfill: STT now holds 4 periodic filings.
Filing backfill: CBRS now holds 2 periodic filings.
Filing backfill: BDX now holds 4 periodic filings.
Filing backfill: TEAM now holds 4 periodic filings.
SEC EDGAR: no CIK found for ticker QQQ
Filing backfill: AVGO now holds 4 periodic filings.
Filing backfill: WMT now holds 4 periodic filings.
Filing backfill: ABBV now holds 4 periodic filings.
Filing backfill: CVX now holds 4 periodic filings.
Filing backfill: COST now holds 4 periodic filings.
Filing backfill: BAC now holds 4 periodic filings.
Filing backfill: KO now holds 4 periodic filings.
Filing backfill: AMAT now holds 4 periodic filings.
Filing backfill: RTX now holds 4 periodic filings.
Filing backfill: AMGN now holds 4 periodic filings.
Filing backfill: AXP now holds 4 periodic filings.
Filing backfill: VZ now holds 4 periodic filings.
Filing backfill: ADI now holds 4 periodic filings.
Filing backfill: TMUS now holds 4 periodic filings.
Filing backfill: ABT now holds 4 periodic filings.
Filing backfill: PEP now holds 4 periodic filings.
Filing backfill: T now holds 4 periodic filings.
Filing backfill: BLK now holds 4 periodic filings.
Filing backfill: NEE now holds 4 periodic filings.
Filing backfill: BA now holds 4 periodic filings.
Filing backfill: BMY now holds 4 periodic filings.
Filing backfill: BKNG now holds 4 periodic filings.
Filing backfill: ADBE now holds 4 periodic filings.
Filing backfill: ABNB now holds 4 periodic filings.
Filing backfill: CMCSA now holds 4 periodic filings.
Filing backfill: AMT now holds 4 periodic filings.
Filing backfill: BSX now holds 4 periodic filings.
Filing backfill: AEP now holds 4 periodic filings.
Filing backfill: APD now holds 4 periodic filings.
Filing backfill: ADSK now holds 4 periodic filings.
Filing backfill: WAB now holds 4 periodic filings.
Filing backfill: A now holds 4 periodic filings.
Filing backfill: ROK now holds 4 periodic filings.
Filing backfill: EBAY now holds 4 periodic filings.
Filing backfill: RKLB now holds 4 periodic filings.
Filing backfill: VMRK now holds 4 periodic filings.
Filing backfill: ETR now holds 4 periodic filings.
Filing backfill: CLS now holds 4 periodic filings.
Filing backfill: MDLN now holds 3 periodic filings.
Filing backfill: TWLO now holds 4 periodic filings.
Filing backfill: FITB now holds 4 periodic filings.
Filing backfill: VST now holds 4 periodic filings.
Filing backfill: TEVA now holds 4 periodic filings.
Filing backfill: WDAY now holds 4 periodic filings.
Filing backfill: AZO now holds 4 periodic filings.
Filing backfill: XYZ now holds 4 periodic filings.
pass 1: examined 120, stored 153, already held 74, failed 0, 746 companies still below target
SEC EDGAR: no CIK found for ticker QQQ
Filing backfill: HUM now holds 4 periodic filings.
Filing backfill: IQV now holds 4 periodic filings.
Filing backfill: CARR now holds 4 periodic filings.
Filing backfill: VTR now holds 4 periodic filings.
Filing backfill: LHX now holds 4 periodic filings.
Filing backfill: PYPL now holds 4 periodic filings.
Filing backfill: VEEV now holds 4 periodic filings.
Filing backfill: XEL now holds 4 periodic filings.
Filing backfill: HEI now holds 4 periodic filings.
Filing backfill: RVMD now holds 4 periodic filings.
Filing backfill: AMP now holds 4 periodic filings.
Filing backfill: FERG now holds 4 periodic filings.
Filing backfill: KDP now holds 4 periodic filings.
Filing backfill: WAT now holds 4 periodic filings.
Filing backfill: P now holds 4 periodic filings.
Filing backfill: EXC now holds 4 periodic filings.
Filing backfill: FLEX now holds 4 periodic filings.
Filing backfill: ILMN now holds 4 periodic filings.
Filing backfill: PRU now holds 4 periodic filings.
Filing backfill: ONC now holds 4 periodic filings.
Filing backfill: MSCI now holds 4 periodic filings.
Filing backfill: IDXX now holds 4 periodic filings.
Filing backfill: MCHP now holds 4 periodic filings.
Filing backfill: CMG now holds 4 periodic filings.
Filing backfill: CBRE now holds 4 periodic filings.
Filing backfill: ARES now holds 4 periodic filings.
Filing backfill: LYV now holds 4 periodic filings.
Filing backfill: ADM now holds 4 periodic filings.
Filing backfill: DHI now holds 4 periodic filings.
Filing backfill: WCN now holds 4 periodic filings.
Filing backfill: AIG now holds 4 periodic filings.
Filing backfill: NTAP now holds 4 periodic filings.
pass 2: examined 120, stored 128, already held 88, failed 0, 714 companies still below target
SEC EDGAR: no CIK found for ticker QQQ
Filing backfill: ED now holds 4 periodic filings.
Filing backfill: TTWO now holds 4 periodic filings.
Filing backfill: YUM now holds 4 periodic filings.
Filing backfill: SYY now holds 4 periodic filings.
Filing backfill: PCG now holds 4 periodic filings.
Filing backfill: CRDO now holds 4 periodic filings.
Filing backfill: OKTA now holds 4 periodic filings.
Filing backfill: ODFL now holds 4 periodic filings.
Filing backfill: PAYX now holds 4 periodic filings.
Filing backfill: AXON now holds 4 periodic filings.
Filing backfill: UAL now holds 4 periodic filings.
Filing backfill: ROP now holds 4 periodic filings.
Filing backfill: ZS now holds 4 periodic filings.
Filing backfill: EL now holds 4 periodic filings.
Filing backfill: TKO now holds 4 periodic filings.
Filing backfill: KR now holds 4 periodic filings.
Filing backfill: UI now holds 4 periodic filings.
Filing backfill: HIG now holds 4 periodic filings.
Filing backfill: IRM now holds 4 periodic filings.
Filing backfill: MLM now holds 4 periodic filings.
Filing backfill: RBLX now holds 4 periodic filings.
Filing backfill: RKT now holds 4 periodic filings.
Filing backfill: KVUE now holds 4 periodic filings.
Filing backfill: STLD now holds 4 periodic filings.
pass 3: examined 120, stored 96, already held 96, failed 0, 690 companies still below target
SEC EDGAR: no CIK found for ticker QQQ
Filing backfill: MDB now holds 4 periodic filings.
Filing backfill: RPRX now holds 4 periodic filings.
Filing backfill: HSY now holds 4 periodic filings.
Filing backfill: BIIB now holds 4 periodic filings.
Filing backfill: ALNY now holds 4 periodic filings.
Filing backfill: PEG now holds 4 periodic filings.
Filing backfill: WEC now holds 4 periodic filings.
Filing backfill: DXCM now holds 4 periodic filings.
Filing backfill: EME now holds 4 periodic filings.
Filing backfill: VG now holds 4 periodic filings.
Filing backfill: ACGL now holds 4 periodic filings.
Filing backfill: QSR now holds 4 periodic filings.
Filing backfill: KMB now holds 4 periodic filings.
Filing backfill: JBL now holds 4 periodic filings.
Filing backfill: EQT now holds 4 periodic filings.
Filing backfill: RMD now holds 4 periodic filings.
Filing backfill: NTRS now holds 4 periodic filings.
Filing backfill: MTB now holds 4 periodic filings.
Filing backfill: VMC now holds 4 periodic filings.
Filing backfill: EXPE now holds 4 periodic filings.
pass 4: examined 120, stored 80, already held 100, failed 0, 670 companies still below target
SEC EDGAR: no CIK found for ticker QQQ
Filing backfill: HBAN now holds 4 periodic filings.
Filing backfill: CQP now holds 4 periodic filings.
Filing backfill: CNC now holds 4 periodic filings.
Filing backfill: MTD now holds 4 periodic filings.
Filing backfill: RJF now holds 4 periodic filings.
Filing backfill: CCL now holds 4 periodic filings.
Filing backfill: SUNB now holds 3 periodic filings.
Filing backfill: CCI now holds 4 periodic filings.
Filing backfill: GEHC now holds 4 periodic filings.
Filing backfill: EXR now holds 4 periodic filings.
Filing backfill: RDDT now holds 4 periodic filings.
Filing backfill: IR now holds 4 periodic filings.
Filing backfill: ZTS now holds 4 periodic filings.
Filing backfill: HPQ now holds 4 periodic filings.
Filing backfill: TDY now holds 4 periodic filings.
pass 5: examined 120, stored 59, already held 105, failed 0, 656 companies still below target
SEC EDGAR: no CIK found for ticker QQQ
Filing backfill: ON now holds 4 periodic filings.
Filing backfill: KHC now holds 4 periodic filings.
Filing backfill: FTI now holds 4 periodic filings.
Filing backfill: SMCI now holds 4 periodic filings.
Filing backfill: AEE now holds 4 periodic filings.
Filing backfill: HAL now holds 4 periodic filings.
Filing backfill: WTW now holds 4 periodic filings.
Filing backfill: DG now holds 4 periodic filings.
Filing backfill: CFG now holds 4 periodic filings.
Filing backfill: WSM now holds 4 periodic filings.
Filing backfill: FOXA now holds 4 periodic filings.
Filing backfill: VRSN now holds 4 periodic filings.
pass 6: examined 120, stored 48, already held 108, failed 0, 644 companies still below target
SEC EDGAR: no CIK found for ticker QQQ
Filing backfill: ECHO now holds 4 periodic filings.
Filing backfill: SYM now holds 4 periodic filings.
Filing backfill: ZM now holds 4 periodic filings.
Filing backfill: ATO now holds 4 periodic filings.
Filing backfill: ROIV now holds 4 periodic filings.
Filing backfill: INSM now holds 4 periodic filings.
Filing backfill: WST now holds 4 periodic filings.
Filing backfill: CPAY now holds 4 periodic filings.
Filing backfill: AWK now holds 4 periodic filings.
Filing backfill: DGX now holds 4 periodic filings.
Filing backfill: CPRT now holds 4 periodic filings.
pass 7: examined 120, stored 44, already held 109, failed 0, 633 companies still below target
SEC EDGAR: no CIK found for ticker QQQ
Filing backfill: NVT now holds 4 periodic filings.
Filing backfill: FFIV now holds 4 periodic filings.
Filing backfill: CTSH now holds 4 periodic filings.
Filing backfill: VICI now holds 4 periodic filings.
Filing backfill: Q now holds 4 periodic filings.
Filing backfill: OTIS now holds 4 periodic filings.
Filing backfill: DOV now holds 4 periodic filings.
Filing backfill: ATI now holds 4 periodic filings.
Filing backfill: CRCL now holds 4 periodic filings.
Filing backfill: DTE now holds 4 periodic filings.
pass 8: examined 120, stored 40, already held 110, failed 0, 623 companies still below target
SEC EDGAR: no CIK found for ticker QQQ
Filing backfill: INCY now holds 4 periodic filings.
Filing backfill: CPNG now holds 4 periodic filings.
Filing backfill: WRB now holds 4 periodic filings.
Filing backfill: CINF now holds 4 periodic filings.
Filing backfill: FE now holds 4 periodic filings.
Filing backfill: LH now holds 4 periodic filings.
Filing backfill: LVS now holds 4 periodic filings.
pass 9: examined 120, stored 28, already held 113, failed 0, 616 companies still below target
SEC EDGAR: no CIK found for ticker QQQ
Filing backfill: SN now holds 3 periodic filings.
Filing backfill: HUBB now holds 4 periodic filings.
Filing backfill: FISV now holds 4 periodic filings.
Filing backfill: PFG now holds 4 periodic filings.
Filing backfill: CNP now holds 4 periodic filings.
Filing backfill: ES now holds 4 periodic filings.
Filing backfill: ASTS now holds 4 periodic filings.
pass 10: examined 120, stored 27, already held 113, failed 0, 610 companies still below target
SEC EDGAR: no CIK found for ticker QQQ
Filing backfill: PPL now holds 4 periodic filings.
Filing backfill: AFRM now holds 4 periodic filings.
Filing backfill: XYL now holds 4 periodic filings.
Filing backfill: EXPD now holds 4 periodic filings.
Filing backfill: SW now holds 4 periodic filings.
Filing backfill: LPLA now holds 4 periodic filings.
pass 11: examined 120, stored 24, already held 114, failed 0, 604 companies still below target
SEC EDGAR: no CIK found for ticker QQQ
Filing backfill: DRI now holds 4 periodic filings.
Filing backfill: PPG now holds 4 periodic filings.
Filing backfill: GH now holds 4 periodic filings.
Filing backfill: RBRK now holds 4 periodic filings.
Filing backfill: VLTO now holds 4 periodic filings.
Filing backfill: ULTA now holds 4 periodic filings.
pass 12: examined 120, stored 24, already held 114, failed 0, 598 companies still below target
SEC EDGAR: no CIK found for ticker QQQ
Filing backfill: SYF now holds 4 periodic filings.
Filing backfill: TPL now holds 4 periodic filings.
Filing backfill: RF now holds 4 periodic filings.
Filing backfill: FCNCA now holds 4 periodic filings.
Filing backfill: IOT now holds 4 periodic filings.
Filing backfill: CHD now holds 4 periodic filings.
pass 13: examined 120, stored 24, already held 114, failed 0, 592 companies still below target
SEC EDGAR: no CIK found for ticker QQQ
Filing backfill: ROKU now holds 4 periodic filings.
Filing backfill: PHM now holds 4 periodic filings.
Filing backfill: ENTG now holds 4 periodic filings.
Filing backfill: GPN now holds 4 periodic filings.
Filing backfill: TPR now holds 4 periodic filings.
pass 14: examined 120, stored 20, already held 115, failed 0, 587 companies still below target
SEC EDGAR: no CIK found for ticker QQQ
Filing backfill: RIVN now holds 4 periodic filings.
Filing backfill: ARXS now holds 2 periodic filings.
Filing backfill: TROW now holds 4 periodic filings.
pass 15: examined 120, stored 10, already held 117, failed 0, 585 companies still below target
SEC EDGAR: no CIK found for ticker QQQ
Filing backfill: CASY now holds 4 periodic filings.
Filing backfill: VRSK now holds 4 periodic filings.
Filing backfill: TW now holds 4 periodic filings.
pass 16: examined 120, stored 12, already held 117, failed 0, 582 companies still below target
SEC EDGAR: no CIK found for ticker QQQ
Filing backfill: IFF now holds 4 periodic filings.
Filing backfill: FWONA now holds 4 periodic filings.
Filing backfill: SOFI now holds 4 periodic filings.
pass 17: examined 120, stored 12, already held 117, failed 0, 579 companies still below target
SEC EDGAR: no CIK found for ticker QQQ
Filing backfill: JBHT now holds 4 periodic filings.
Filing backfill: MKL now holds 4 periodic filings.
Filing backfill: KEY now holds 4 periodic filings.
pass 18: examined 120, stored 12, already held 117, failed 0, 576 companies still below target
SEC EDGAR: no CIK found for ticker QQQ
Filing backfill: DLTR now holds 4 periodic filings.
Filing backfill: L now holds 4 periodic filings.
pass 19: examined 120, stored 8, already held 118, failed 0, 574 companies still below target
SEC EDGAR: no CIK found for ticker QQQ
Filing backfill: MTSI now holds 4 periodic filings.
Filing backfill: CNH now holds 4 periodic filings.
pass 20: examined 120, stored 8, already held 118, failed 0, 572 companies still below target
SEC EDGAR: no CIK found for ticker QQQ
Filing backfill: RGLD now holds 4 periodic filings.
Filing backfill: BG now holds 4 periodic filings.
pass 21: examined 120, stored 8, already held 118, failed 0, 570 companies still below target
SEC EDGAR: no CIK found for ticker QQQ
Filing backfill: PKG now holds 4 periodic filings.
pass 22: examined 120, stored 4, already held 119, failed 0, 569 companies still below target
SEC EDGAR: no CIK found for ticker QQQ
pass 23: examined 120, stored 0, already held 120, failed 0, 569 companies still below target
nothing further available for the remaining companies.
=== stored 869 filings in 1186s: 1147 -> 2016 across 450 companies ===
