Pulling 16 years of fundamentals for 1006 companies.
  EDU    198 new facts (376 seen)
  PUK    2 new facts (9 seen)
  QRVO   826 new facts (1844 seen)
  SF     897 new facts (1525 seen)
  KNX    1163 new facts (1948 seen)
  CSGP   1133 new facts (2116 seen)
  BIO    1438 new facts (2618 seen)
  PNW    947 new facts (1560 seen)
SEC XBRL: no CIK for QQQ
  ATI    1375 new facts (2327 seen)
  MRNA   114 new facts (975 seen)
  EMA    53 new facts (151 seen)
  CACI   1229 new facts (2053 seen)
  MOH    1190 new facts (2102 seen)
  VALE   93 new facts (93 seen)
  FCNCA  618 new facts (1161 seen)
  H      803 new facts (1473 seen)
  RVTY   1448 new facts (2533 seen)
  YUMC   471 new facts (1295 seen)
  P      445 new facts (1429 seen)
  ESTC   153 new facts (1070 seen)
  VTR    1040 new facts (1637 seen)
  WTW    1136 new facts (1941 seen)
  ACGL   1045 new facts (1769 seen)
  ZTS    735 new facts (1393 seen)
  EC     2 new facts (9 seen)
  NWSA   518 new facts (1110 seen)
  NVS    1 new facts (8 seen)
  SIRI   1261 new facts (2325 seen)
  EQH    267 new facts (1064 seen)
  EWBC   1036 new facts (1745 seen)
  NTAP   1292 new facts (2293 seen)
  KNTK   211 new facts (941 seen)
  IBM    1170 new facts (2003 seen)
  CVNA   227 new facts (932 seen)
  BBY    1439 new facts (2299 seen)
  CINF   1032 new facts (1654 seen)
  WF     2 new facts (9 seen)
  IFF    1104 new facts (2000 seen)
  LSCC   1157 new facts (2230 seen)
  FE     1151 new facts (1843 seen)
  CRH    2 new facts (379 seen)
  RIO    1 new facts (8 seen)
  AZO    1460 new facts (2355 seen)
  OKTA   291 new facts (1242 seen)
  VMC    1560 new facts (2475 seen)
  RRC    909 new facts (1701 seen)
  ILMN   1391 new facts (2378 seen)
  GM     945 new facts (1716 seen)
  ET     899 new facts (1392 seen)
  ARMK   699 new facts (1396 seen)
  MTZ    1105 new facts (1820 seen)
  WCN    530 new facts (1319 seen)
  KDP    1431 new facts (2493 seen)
  SYF    620 new facts (1358 seen)
  HBM    2 new facts (6 seen)
  BKR    230 new facts (767 seen)
  INSM   941 new facts (1874 seen)
  DVN    971 new facts (1596 seen)
  CTVA   81 new facts (865 seen)
  NYT    1212 new facts (2052 seen)
  RELX   1 new facts (8 seen)
  HEI    1280 new facts (2116 seen)
  SLB    1034 new facts (1783 seen)
  WELL   793 new facts (1299 seen)
  MTB    880 new facts (1501 seen)
  KO     40 new facts (1893 seen)
  IVZ    1029 new facts (1771 seen)
  LECO   1044 new facts (1944 seen)
  BWA    1515 new facts (2399 seen)
  CSL    1175 new facts (2066 seen)
SEC XBRL: request failed for ADSK
Traceback (most recent call last):
  File "/Users/tugayakbas/Desktop/loom/backend/.venv/lib/python3.12/site-packages/httpx/_transports/default.py", line 101, in map_httpcore_exceptions
    yield
  File "/Users/tugayakbas/Desktop/loom/backend/.venv/lib/python3.12/site-packages/httpx/_transports/default.py", line 127, in __iter__
    for part in self._httpcore_stream:
                ^^^^^^^^^^^^^^^^^^^^^
  File "/Users/tugayakbas/Desktop/loom/backend/.venv/lib/python3.12/site-packages/httpcore/_sync/connection_pool.py", line 407, in __iter__
    raise exc from None
  File "/Users/tugayakbas/Desktop/loom/backend/.venv/lib/python3.12/site-packages/httpcore/_sync/connection_pool.py", line 403, in __iter__
    for part in self._stream:
                ^^^^^^^^^^^^
  File "/Users/tugayakbas/Desktop/loom/backend/.venv/lib/python3.12/site-packages/httpcore/_sync/http11.py", line 342, in __iter__
    raise exc
  File "/Users/tugayakbas/Desktop/loom/backend/.venv/lib/python3.12/site-packages/httpcore/_sync/http11.py", line 334, in __iter__
    for chunk in self._connection._receive_response_body(**kwargs):
                 ^^^^^^^^^^^^^^^^^^^^^^^^^^^^^^^^^^^^^^^^^^^^^^^^^
  File "/Users/tugayakbas/Desktop/loom/backend/.venv/lib/python3.12/site-packages/httpcore/_sync/http11.py", line 203, in _receive_response_body
    event = self._receive_event(timeout=timeout)
            ^^^^^^^^^^^^^^^^^^^^^^^^^^^^^^^^^^^^
  File "/Users/tugayakbas/Desktop/loom/backend/.venv/lib/python3.12/site-packages/httpcore/_sync/http11.py", line 217, in _receive_event
    data = self._network_stream.read(
           ^^^^^^^^^^^^^^^^^^^^^^^^^^
  File "/Users/tugayakbas/Desktop/loom/backend/.venv/lib/python3.12/site-packages/httpcore/_backends/sync.py", line 126, in read
    with map_exceptions(exc_map):
  File "/Library/Frameworks/Python.framework/Versions/3.12/lib/python3.12/contextlib.py", line 158, in __exit__
    self.gen.throw(value)
  File "/Users/tugayakbas/Desktop/loom/backend/.venv/lib/python3.12/site-packages/httpcore/_exceptions.py", line 14, in map_exceptions
    raise to_exc(exc) from exc
httpcore.ReadTimeout: The read operation timed out

The above exception was the direct cause of the following exception:

Traceback (most recent call last):
  File "/Users/tugayakbas/Desktop/loom/backend/app/ingestion/facts/sec_fundamentals.py", line 123, in fetch
    response = self._client.get(url)
               ^^^^^^^^^^^^^^^^^^^^^
  File "/Users/tugayakbas/Desktop/loom/backend/.venv/lib/python3.12/site-packages/httpx/_client.py", line 1053, in get
    return self.request(
           ^^^^^^^^^^^^^
  File "/Users/tugayakbas/Desktop/loom/backend/.venv/lib/python3.12/site-packages/httpx/_client.py", line 825, in request
    return self.send(request, auth=auth, follow_redirects=follow_redirects)
           ^^^^^^^^^^^^^^^^^^^^^^^^^^^^^^^^^^^^^^^^^^^^^^^^^^^^^^^^^^^^^^^^
  File "/Users/tugayakbas/Desktop/loom/backend/.venv/lib/python3.12/site-packages/httpx/_client.py", line 928, in send
    raise exc
  File "/Users/tugayakbas/Desktop/loom/backend/.venv/lib/python3.12/site-packages/httpx/_client.py", line 922, in send
    response.read()
  File "/Users/tugayakbas/Desktop/loom/backend/.venv/lib/python3.12/site-packages/httpx/_models.py", line 881, in read
    self._content = b"".join(self.iter_bytes())
                    ^^^^^^^^^^^^^^^^^^^^^^^^^^^
  File "/Users/tugayakbas/Desktop/loom/backend/.venv/lib/python3.12/site-packages/httpx/_models.py", line 897, in iter_bytes
    for raw_bytes in self.iter_raw():
                     ^^^^^^^^^^^^^^^
  File "/Users/tugayakbas/Desktop/loom/backend/.venv/lib/python3.12/site-packages/httpx/_models.py", line 951, in iter_raw
    for raw_stream_bytes in self.stream:
                            ^^^^^^^^^^^
  File "/Users/tugayakbas/Desktop/loom/backend/.venv/lib/python3.12/site-packages/httpx/_client.py", line 153, in __iter__
    for chunk in self._stream:
                 ^^^^^^^^^^^^
  File "/Users/tugayakbas/Desktop/loom/backend/.venv/lib/python3.12/site-packages/httpx/_transports/default.py", line 126, in __iter__
    with map_httpcore_exceptions():
  File "/Library/Frameworks/Python.framework/Versions/3.12/lib/python3.12/contextlib.py", line 158, in __exit__
    self.gen.throw(value)
  File "/Users/tugayakbas/Desktop/loom/backend/.venv/lib/python3.12/site-packages/httpx/_transports/default.py", line 118, in map_httpcore_exceptions
    raise mapped_exc(message) from exc
httpx.ReadTimeout: The read operation timed out
  FTNT   1124 new facts (2066 seen)
  FDS    1259 new facts (2149 seen)
  ARWR   770 new facts (1464 seen)
  NTNX   474 new facts (1530 seen)
  ZION   747 new facts (1603 seen)
  FTAI   475 new facts (1031 seen)
  DKS    1180 new facts (2040 seen)
  MDLZ   1518 new facts (2363 seen)
  ONTO   1140 new facts (2214 seen)
  JLL    1218 new facts (1962 seen)
  WPC    1142 new facts (1746 seen)
  ED     908 new facts (1617 seen)
  AME    1270 new facts (2073 seen)
  OGE    1252 new facts (2021 seen)
  TTMI   933 new facts (1917 seen)
  LVS    1158 new facts (2126 seen)
  NTRA   604 new facts (1469 seen)
  SNAP   306 new facts (1167 seen)
  XPO    970 new facts (1739 seen)
  WPM    2 new facts (9 seen)
  APTV   1100 new facts (1930 seen)
  ABEV   2 new facts (9 seen)
  FN     1336 new facts (2316 seen)
  LII    1393 new facts (2384 seen)
  HMY    1 new facts (7 seen)
  TOL    1244 new facts (2057 seen)
  ONC    422 new facts (1377 seen)
SEC XBRL: https://data.sec.gov/api/xbrl/companyfacts/CIK0002102907.json returned 404 for RML
  SWKS   1500 new facts (2612 seen)
  AEE    1162 new facts (1758 seen)
  NRG    1328 new facts (2065 seen)
  INVH   297 new facts (886 seen)
  RRX    1221 new facts (2086 seen)
  PM     1353 new facts (2264 seen)
  UI     1368 new facts (2456 seen)
  FLUT   2 new facts (287 seen)
  AIZ    1201 new facts (1956 seen)
  JD     151 new facts (400 seen)
  LFUS   1237 new facts (2060 seen)
  MO     1146 new facts (2046 seen)
  CG     869 new facts (1540 seen)
  UMC    2 new facts (9 seen)
  CNH    123 new facts (616 seen)
  AEIS   1312 new facts (2280 seen)
  WCC    1215 new facts (2030 seen)
  HMC    280 new facts (281 seen)
  DLR    1183 new facts (1952 seen)
  WIT    2 new facts (9 seen)
  SBS    2 new facts (8 seen)
  MUSA   710 new facts (1517 seen)
  CL     1425 new facts (2340 seen)
  HUBB   1301 new facts (2197 seen)
  AMKR   1315 new facts (2260 seen)
  XEL    1145 new facts (1806 seen)
  GWRE   1087 new facts (2146 seen)
  MRSH   991 new facts (1640 seen)
  AMCR   92 new facts (1061 seen)
  NDSN   1156 new facts (1996 seen)
  BIDU   307 new facts (535 seen)
  TXRH   955 new facts (1725 seen)
  VMI    1089 new facts (1960 seen)
  VLO    1178 new facts (1840 seen)
  RMD    1163 new facts (2236 seen)
  PAYX   1286 new facts (2092 seen)
  MGA    160 new facts (307 seen)
  STT    994 new facts (1830 seen)
  RBC    1112 new facts (2026 seen)
  SUI    1132 new facts (1818 seen)
  CORT   975 new facts (1997 seen)
  WTRG   1159 new facts (1898 seen)
  DECK   1149 new facts (2276 seen)
  STLA   2 new facts (9 seen)
  ALSN   1226 new facts (2302 seen)
  SMTC   1258 new facts (2111 seen)
  ORI    1028 new facts (1922 seen)
  PKX    2 new facts (9 seen)
  ETN    717 new facts (1414 seen)
  SCI    1480 new facts (2332 seen)
  TD     2 new facts (8 seen)
  ALB    1454 new facts (2350 seen)
  APH    1282 new facts (2193 seen)
  NIO    30 new facts (317 seen)
  HDB    332 new facts (512 seen)
  SGI    1379 new facts (2141 seen)
  EG     1069 new facts (1687 seen)
  GPC    974 new facts (1660 seen)
  WRB    1190 new facts (1868 seen)
  DELL   455 new facts (1397 seen)
  ALNY   948 new facts (1889 seen)
  AAL    1129 new facts (1962 seen)
  RYAAY  2 new facts (9 seen)
  CLX    1382 new facts (2261 seen)
  AVY    1079 new facts (1864 seen)
  GD     1024 new facts (1705 seen)
  EPD    1009 new facts (1577 seen)
  RCL    1226 new facts (2067 seen)
  FAST   1317 new facts (2216 seen)
  TXT    1091 new facts (1698 seen)
  CPT    1001 new facts (1698 seen)
  NVR    1079 new facts (1793 seen)
  KKR    571 new facts (919 seen)
  MKSI   1436 new facts (2523 seen)
  RF     997 new facts (1663 seen)
  DDS    867 new facts (1591 seen)
  VRSN   1210 new facts (2006 seen)
  CCJ    2 new facts (9 seen)
  MFG    176 new facts (345 seen)
  BE     187 new facts (1062 seen)
  SAP    2 new facts (9 seen)
  JBHT   1281 new facts (2043 seen)
  BCE    2 new facts (7 seen)
  ROST   1099 new facts (1944 seen)
  CSCO   1386 new facts (2431 seen)
  ICLR   234 new facts (441 seen)
  WTS    1115 new facts (2097 seen)
  ING    1 new facts (8 seen)
  MOG-A  1455 new facts (2495 seen)
  UBER   102 new facts (868 seen)
  JCI    1076 new facts (1773 seen)
  PAG    1249 new facts (2114 seen)
  TTC    1103 new facts (1935 seen)
  MAS    1470 new facts (2332 seen)
  ORLY   1432 new facts (2484 seen)
  SMCI   1117 new facts (2068 seen)
  THC    911 new facts (1591 seen)
  SEIC   1058 new facts (1893 seen)
  TSEM   236 new facts (473 seen)
  TXG    32 new facts (910 seen)
  BJ     225 new facts (1157 seen)
  UL     1 new facts (8 seen)
  ZBRA   1419 new facts (2549 seen)
  MSCI   1393 new facts (2493 seen)
  FNF    727 new facts (1391 seen)
  SHOP   81 new facts (410 seen)
  SMMT   2 new facts (730 seen)
  TYL    1225 new facts (2207 seen)
  FTV    476 new facts (1376 seen)
  HUM    1413 new facts (2155 seen)
  KB     2 new facts (9 seen)
  EMBJ   2 new facts (9 seen)
  R      964 new facts (1637 seen)
  WSO    1338 new facts (2122 seen)
  PPG    1230 new facts (2025 seen)
  MOD    1176 new facts (2065 seen)
  UHAL   679 new facts (1210 seen)
  SE     48 new facts (260 seen)
  ROK    1192 new facts (1973 seen)
  HTHT   262 new facts (512 seen)
  GLPI   766 new facts (1473 seen)
  PNC    593 new facts (1176 seen)
  CYTK   955 new facts (1843 seen)
  DT     54 new facts (1029 seen)
  REGN   1289 new facts (2293 seen)
  ESS    1032 new facts (1759 seen)
  PEG    1347 new facts (2017 seen)
  SU     2 new facts (9 seen)
  STE    135 new facts (1180 seen)
  AHR    250 new facts (954 seen)
  PAA    997 new facts (1528 seen)
  REG    174 new facts (647 seen)
  UDR    1024 new facts (1800 seen)
  PEN    721 new facts (1784 seen)
  XYZ    485 new facts (1333 seen)
  ENB    367 new facts (1273 seen)
  FRO    170 new facts (252 seen)
  CGNX   1298 new facts (2373 seen)
  ALGN   1293 new facts (2286 seen)
  GSAT   1025 new facts (1883 seen)
  ASND   2 new facts (9 seen)
  MTSI   1179 new facts (2202 seen)
  MSI    1595 new facts (2557 seen)
  EL     1149 new facts (1830 seen)
  ITUB   2 new facts (7 seen)
  AES    1268 new facts (2115 seen)
  EMR    1164 new facts (1990 seen)
  GMED   1175 new facts (2215 seen)
  WBD    1010 new facts (1706 seen)
  IQV    847 new facts (1661 seen)
  CM     2 new facts (8 seen)
  ERIE   657 new facts (1289 seen)
  MET    1045 new facts (1766 seen)
  NOK    2 new facts (9 seen)
  DRI    1183 new facts (2088 seen)
  STLD   1243 new facts (2091 seen)
  FMS    220 new facts (227 seen)
  COO    1473 new facts (2499 seen)
  IHG    2 new facts (9 seen)
  KMI    725 new facts (1479 seen)
  CME    1457 new facts (2260 seen)
  UHS    1059 new facts (1809 seen)
  COKE   1075 new facts (1820 seen)
  GGG    1127 new facts (2007 seen)
  ASTS   12 new facts (498 seen)
  SJM    1093 new facts (1892 seen)
  MTCH   1054 new facts (1824 seen)
  AYI    1230 new facts (2209 seen)
  ATO    1243 new facts (2094 seen)
  FLS    1353 new facts (2231 seen)
  FITB   769 new facts (1392 seen)
  INFY   2 new facts (9 seen)
  ELS    1035 new facts (1618 seen)
  TRI    2 new facts (5 seen)
  PYPL   674 new facts (1458 seen)
  PCG    852 new facts (1424 seen)
  WES    456 new facts (963 seen)
  CPRT   1153 new facts (1856 seen)
  VIAV   1454 new facts (2588 seen)
  VRT    75 new facts (973 seen)
  CCEP   2 new facts (9 seen)
  CF     1110 new facts (1769 seen)
  WWD    1079 new facts (1909 seen)
  CLH    992 new facts (1756 seen)
  FTI    387 new facts (1266 seen)
  DHI    1045 new facts (1724 seen)
  WAT    1406 new facts (2527 seen)
  ENSG   898 new facts (1677 seen)
  AEM    101 new facts (108 seen)
  GEN    1254 new facts (2233 seen)
  TTEK   1030 new facts (1931 seen)
  PHYS   2 new facts (9 seen)
  PFGC   482 new facts (1263 seen)
  YPF    2 new facts (9 seen)
  CW     1450 new facts (2388 seen)
  KEYS   519 new facts (1224 seen)
  HWM    1171 new facts (2041 seen)
  DXCM   1037 new facts (2049 seen)
  FIVE   1098 new facts (2260 seen)
  LULU   1384 new facts (2276 seen)
  GDDY   418 new facts (936 seen)
  NBIX   1013 new facts (1915 seen)
  USB    843 new facts (1392 seen)
  TECH   1113 new facts (1956 seen)
  HPE    576 new facts (1373 seen)
  TSCO   1259 new facts (2285 seen)
  HSY    931 new facts (1527 seen)
  EQT    1094 new facts (1834 seen)
  ULTA   1387 new facts (2483 seen)
  MNST   909 new facts (1722 seen)
  EGO    2 new facts (9 seen)
  FOXA   40 new facts (462 seen)
  CHKP   262 new facts (486 seen)
  RL     1152 new facts (2031 seen)
  GGB    2 new facts (9 seen)
  FANG   810 new facts (1545 seen)
  CP     686 new facts (1559 seen)
  BR     1069 new facts (1991 seen)
  VICR   1218 new facts (2149 seen)
  NGG    2 new facts (9 seen)
  RGLD   1063 new facts (1911 seen)
  RGEN   1336 new facts (2208 seen)
  CBRE   1165 new facts (1936 seen)
  BCS    2 new facts (9 seen)
  GLW    1280 new facts (2004 seen)
  AIG    1036 new facts (1768 seen)
  FTS    42 new facts (189 seen)
  ONB    1101 new facts (1844 seen)
  ITW    1034 new facts (1717 seen)
  KR     1288 new facts (2107 seen)
  RGA    1206 new facts (2092 seen)
  RJF    956 new facts (1638 seen)
  CNP    1118 new facts (1818 seen)
  HALO   926 new facts (1870 seen)
  RPM    1104 new facts (1858 seen)
  LOGI   1106 new facts (2064 seen)
  NOC    1422 new facts (2324 seen)
  CRL    998 new facts (1863 seen)
  DAL    1131 new facts (2032 seen)
  BF-B   1071 new facts (2036 seen)
  TAK    1 new facts (2 seen)
  IAG    2 new facts (9 seen)
  AER    172 new facts (328 seen)
  GKOS   693 new facts (1656 seen)
  BXP    1360 new facts (2177 seen)
  HBAN   1100 new facts (1704 seen)
  HII    1102 new facts (1910 seen)
  RMBS   1349 new facts (2270 seen)
  EXC    1346 new facts (2011 seen)
  HAS    1319 new facts (2153 seen)
  KEY    845 new facts (1577 seen)
  CFR    807 new facts (1476 seen)
  JHX    300 new facts (574 seen)
  TDG    897 new facts (1652 seen)
  MDGL   606 new facts (1492 seen)
  BUD    1 new facts (8 seen)
  TWLO   363 new facts (1357 seen)
  PINS   83 new facts (953 seen)
  AGI    1 new facts (5 seen)
  MPLX   403 new facts (836 seen)
  MCO    1305 new facts (2076 seen)
  BALL   1070 new facts (1701 seen)
  TER    1370 new facts (2292 seen)
  GME    1445 new facts (2419 seen)
  AFG    1392 new facts (2208 seen)
  CASY   1239 new facts (2063 seen)
  FORM   1286 new facts (2358 seen)
  TEVA   550 new facts (1506 seen)
  MANH   1291 new facts (2239 seen)
  SANM   1055 new facts (1902 seen)
  PR     255 new facts (986 seen)
  MSGS   509 new facts (1298 seen)
  PSO    2 new facts (9 seen)
  J      1539 new facts (2279 seen)
  IESC   1326 new facts (2254 seen)
  AON    1050 new facts (1807 seen)
  WTFC   1188 new facts (1909 seen)
  SIMO   190 new facts (435 seen)
  CTSH   1330 new facts (2188 seen)
  CTAS   1022 new facts (1921 seen)
  OKE    1159 new facts (1884 seen)
  BRK-B  664 new facts (1071 seen)
  KIM    1252 new facts (1952 seen)
  CNC    1089 new facts (1916 seen)
  JKHY   1545 new facts (2466 seen)
  CHRW   1412 new facts (2348 seen)
  ARE    711 new facts (1292 seen)
  EBAY   1610 new facts (2676 seen)
  EW     1083 new facts (2066 seen)
  GH     111 new facts (891 seen)
  ZTO    114 new facts (366 seen)
  SWK    1191 new facts (2026 seen)
  HRL    1305 new facts (2011 seen)
  OMC    1327 new facts (2000 seen)
  LHX    904 new facts (1575 seen)
  JAZZ   1165 new facts (2047 seen)
  CCK    1061 new facts (1839 seen)
  SNN    2 new facts (9 seen)
  BDX    1131 new facts (1907 seen)
  UNM    1185 new facts (1949 seen)
  HAL    1075 new facts (1712 seen)
  ANET   961 new facts (2053 seen)
  URI    1189 new facts (2189 seen)
  VEEV   1035 new facts (2128 seen)
  UTHR   1158 new facts (2131 seen)
  HST    735 new facts (1499 seen)
  EFX    1240 new facts (2043 seen)
  SSNC   1321 new facts (2321 seen)
  NLY    1062 new facts (1613 seen)
  WMS    762 new facts (1628 seen)
  WMB    954 new facts (1636 seen)
  UMBF   991 new facts (1636 seen)
  PSX    744 new facts (1471 seen)
  NVT    247 new facts (1073 seen)
  CRS    1355 new facts (2393 seen)
  TIGO   1 new facts (8 seen)
  GIS    1215 new facts (2214 seen)
  DGX    1203 new facts (1957 seen)
  SUZ    1 new facts (8 seen)
  ALC    94 new facts (101 seen)
  CDW    1138 new facts (2072 seen)
  ASX    2 new facts (9 seen)
  KEP    2 new facts (9 seen)
  PSLV   2 new facts (9 seen)
  BURL   694 new facts (1527 seen)
  DD     258 new facts (977 seen)
  BIIB   1578 new facts (2254 seen)
  AMH    488 new facts (1135 seen)
  BBD    34 new facts (34 seen)
  TRU    736 new facts (1596 seen)
  TM     259 new facts (295 seen)
  STZ    950 new facts (1639 seen)
  ZM     113 new facts (1170 seen)
  ALLE   619 new facts (1348 seen)
  SYY    1338 new facts (2310 seen)
  ARW    1211 new facts (2083 seen)
  TRGP   1005 new facts (1700 seen)
  LH     1541 new facts (2560 seen)
  CVE    2 new facts (9 seen)
  WMG    725 new facts (1272 seen)
  VMRK   1274 new facts (1926 seen)
  IX     287 new facts (456 seen)
  KGC    2 new facts (9 seen)
  FRHC   587 new facts (1267 seen)
  EGP    1074 new facts (1677 seen)
  GNRC   1329 new facts (2453 seen)
  AMP    1003 new facts (1696 seen)
  QXO    828 new facts (1591 seen)
  ECHO   1145 new facts (1935 seen)
  CAH    1407 new facts (2182 seen)
  SNY    1 new facts (8 seen)
  GSK    1 new facts (8 seen)
  RY     2 new facts (8 seen)
  ICE    789 new facts (1588 seen)
  BBIO   29 new facts (725 seen)
  NTES   356 new facts (636 seen)
  AJG    830 new facts (1449 seen)
  MKL    1189 new facts (1930 seen)
  NSC    951 new facts (1884 seen)
  FWONA  692 new facts (1263 seen)
  BX     999 new facts (1674 seen)
  JEF    1079 new facts (1698 seen)
  CFG    499 new facts (1175 seen)
  TWST   97 new facts (867 seen)
  MSTR   1296 new facts (2428 seen)
  PBA    2 new facts (9 seen)
  AG     1 new facts (8 seen)
  DTE    1256 new facts (1914 seen)
  VICI   176 new facts (796 seen)
  IRM    1023 new facts (1624 seen)
  TDY    1122 new facts (2082 seen)
  IBRX   456 new facts (1245 seen)
  NTR    1 new facts (3 seen)
  XYL    1291 new facts (2250 seen)
  CDE    1152 new facts (2021 seen)
  CHD    1448 new facts (2557 seen)
  EME    1293 new facts (2079 seen)
  LEN    1242 new facts (1903 seen)
  MLM    1237 new facts (2103 seen)
  ACN    1491 new facts (2399 seen)
  CTRE   682 new facts (1407 seen)
  HSIC   1401 new facts (2251 seen)
  TS     2 new facts (9 seen)
  BMO    2 new facts (8 seen)
  BMRN   1046 new facts (1956 seen)
  F      924 new facts (1638 seen)
  DG     1078 new facts (2022 seen)
  ADM    1140 new facts (1876 seen)
  BABA   200 new facts (480 seen)
  SAIA   1024 new facts (1903 seen)
  NMR    161 new facts (335 seen)
  PODD   1160 new facts (2104 seen)
  WDC    1524 new facts (2568 seen)
  CSX    1237 new facts (2082 seen)
  SPOT   1 new facts (8 seen)
  AFL    1319 new facts (2206 seen)
  SONY   288 new facts (351 seen)
  KHC    647 new facts (1439 seen)
  VRSK   1015 new facts (1781 seen)
  PH     1384 new facts (2123 seen)
  LYB    901 new facts (1546 seen)
  PTC    1268 new facts (2268 seen)
  MTD    1496 new facts (2532 seen)
  BBVA   2 new facts (9 seen)
  LITE   800 new facts (1910 seen)
  LPLA   1199 new facts (1982 seen)
  PPL    1153 new facts (1824 seen)
  NI     1296 new facts (2053 seen)
  COF    906 new facts (1703 seen)
  EXEL   1024 new facts (2011 seen)
  MEDP   430 new facts (1337 seen)
  DOCU   205 new facts (1171 seen)
  QGEN   240 new facts (446 seen)
  FNV    2 new facts (9 seen)
  BEN    1000 new facts (1715 seen)
  AKAM   1507 new facts (2414 seen)
  IT     1107 new facts (2012 seen)
  CMS    996 new facts (1756 seen)
  ZBH    1339 new facts (2121 seen)
  ODFL   1156 new facts (1879 seen)
  A      1069 new facts (1900 seen)
  TTWO   1373 new facts (2227 seen)
  SCCO   871 new facts (1497 seen)
  STX    1105 new facts (2063 seen)
  CHT    2 new facts (8 seen)
  DLTR   1484 new facts (2540 seen)
  TCOM   328 new facts (615 seen)
  STRL   1021 new facts (1886 seen)
  CNQ    2 new facts (9 seen)
  AM     193 new facts (921 seen)
  MPC    1079 new facts (1865 seen)
  RACE   2 new facts (4 seen)
  EOG    1250 new facts (2064 seen)
  FIS    1199 new facts (2159 seen)
  FCFS   1210 new facts (2144 seen)
  CIEN   1264 new facts (2235 seen)
  NBIS   298 new facts (522 seen)
  AIT    1136 new facts (2018 seen)
  AAOI   1070 new facts (2159 seen)
  WST    1011 new facts (2083 seen)
  MLI    1165 new facts (2108 seen)
  FFIV   1538 new facts (2405 seen)
  TFC    697 new facts (1109 seen)
  HPQ    1088 new facts (2009 seen)
  MT     2 new facts (9 seen)
  PKG    1379 new facts (2252 seen)
  DAR    1210 new facts (2039 seen)
  MMM    1150 new facts (1888 seen)
  WLK    1295 new facts (2201 seen)
  PNR    1510 new facts (2399 seen)
  CUBE   929 new facts (1495 seen)
  LDOS   1037 new facts (1808 seen)
  MGM    1068 new facts (1801 seen)
  ETR    1148 new facts (1793 seen)
  SQM    2 new facts (4 seen)
  GWW    1408 new facts (2264 seen)
  MPWR   1219 new facts (2218 seen)
  CMI    1201 new facts (1994 seen)
  EXR    1105 new facts (1898 seen)
  BAX    1355 new facts (2508 seen)
  OC     1282 new facts (2238 seen)
  EHC    1032 new facts (1813 seen)
  ELAN   161 new facts (1091 seen)
  AXSM   351 new facts (1215 seen)
  HSBC   2 new facts (9 seen)
  L      782 new facts (1523 seen)
  BNY    975 new facts (1608 seen)
  DOC    1050 new facts (1787 seen)
  USFD   521 new facts (1511 seen)
  SSB    810 new facts (1406 seen)
  SMFG   2 new facts (9 seen)
  IBKR   700 new facts (1266 seen)
  MAA    568 new facts (1219 seen)
  LAMR   991 new facts (1666 seen)
  EVR    1000 new facts (1711 seen)
  ROKU   300 new facts (1324 seen)
  EXPD   1322 new facts (2124 seen)
  INCY   962 new facts (1941 seen)
  BNS    2 new facts (8 seen)
  LYV    1097 new facts (1799 seen)
  ASML   249 new facts (493 seen)
  FISV   1059 new facts (1786 seen)
  VSAT   965 new facts (1752 seen)
  JBL    1194 new facts (2113 seen)
  WY     1363 new facts (2304 seen)
  E      5 new facts (12 seen)
  PCAR   945 new facts (1577 seen)
  COR    1629 new facts (2468 seen)
SEC XBRL: request failed for DOW
Traceback (most recent call last):
  File "/Users/tugayakbas/Desktop/loom/backend/.venv/lib/python3.12/site-packages/httpx/_transports/default.py", line 101, in map_httpcore_exceptions
    yield
  File "/Users/tugayakbas/Desktop/loom/backend/.venv/lib/python3.12/site-packages/httpx/_transports/default.py", line 127, in __iter__
    for part in self._httpcore_stream:
                ^^^^^^^^^^^^^^^^^^^^^
  File "/Users/tugayakbas/Desktop/loom/backend/.venv/lib/python3.12/site-packages/httpcore/_sync/connection_pool.py", line 407, in __iter__
    raise exc from None
  File "/Users/tugayakbas/Desktop/loom/backend/.venv/lib/python3.12/site-packages/httpcore/_sync/connection_pool.py", line 403, in __iter__
    for part in self._stream:
                ^^^^^^^^^^^^
  File "/Users/tugayakbas/Desktop/loom/backend/.venv/lib/python3.12/site-packages/httpcore/_sync/http11.py", line 342, in __iter__
    raise exc
  File "/Users/tugayakbas/Desktop/loom/backend/.venv/lib/python3.12/site-packages/httpcore/_sync/http11.py", line 334, in __iter__
    for chunk in self._connection._receive_response_body(**kwargs):
                 ^^^^^^^^^^^^^^^^^^^^^^^^^^^^^^^^^^^^^^^^^^^^^^^^^
  File "/Users/tugayakbas/Desktop/loom/backend/.venv/lib/python3.12/site-packages/httpcore/_sync/http11.py", line 203, in _receive_response_body
    event = self._receive_event(timeout=timeout)
            ^^^^^^^^^^^^^^^^^^^^^^^^^^^^^^^^^^^^
  File "/Users/tugayakbas/Desktop/loom/backend/.venv/lib/python3.12/site-packages/httpcore/_sync/http11.py", line 213, in _receive_event
    with map_exceptions({h11.RemoteProtocolError: RemoteProtocolError}):
  File "/Library/Frameworks/Python.framework/Versions/3.12/lib/python3.12/contextlib.py", line 158, in __exit__
    self.gen.throw(value)
  File "/Users/tugayakbas/Desktop/loom/backend/.venv/lib/python3.12/site-packages/httpcore/_exceptions.py", line 14, in map_exceptions
    raise to_exc(exc) from exc
httpcore.RemoteProtocolError: peer closed connection without sending complete message body (incomplete chunked read)

The above exception was the direct cause of the following exception:

Traceback (most recent call last):
  File "/Users/tugayakbas/Desktop/loom/backend/app/ingestion/facts/sec_fundamentals.py", line 123, in fetch
    response = self._client.get(url)
               ^^^^^^^^^^^^^^^^^^^^^
  File "/Users/tugayakbas/Desktop/loom/backend/.venv/lib/python3.12/site-packages/httpx/_client.py", line 1053, in get
    return self.request(
           ^^^^^^^^^^^^^
  File "/Users/tugayakbas/Desktop/loom/backend/.venv/lib/python3.12/site-packages/httpx/_client.py", line 825, in request
    return self.send(request, auth=auth, follow_redirects=follow_redirects)
           ^^^^^^^^^^^^^^^^^^^^^^^^^^^^^^^^^^^^^^^^^^^^^^^^^^^^^^^^^^^^^^^^
  File "/Users/tugayakbas/Desktop/loom/backend/.venv/lib/python3.12/site-packages/httpx/_client.py", line 928, in send
    raise exc
  File "/Users/tugayakbas/Desktop/loom/backend/.venv/lib/python3.12/site-packages/httpx/_client.py", line 922, in send
    response.read()
  File "/Users/tugayakbas/Desktop/loom/backend/.venv/lib/python3.12/site-packages/httpx/_models.py", line 881, in read
    self._content = b"".join(self.iter_bytes())
                    ^^^^^^^^^^^^^^^^^^^^^^^^^^^
  File "/Users/tugayakbas/Desktop/loom/backend/.venv/lib/python3.12/site-packages/httpx/_models.py", line 897, in iter_bytes
    for raw_bytes in self.iter_raw():
                     ^^^^^^^^^^^^^^^
  File "/Users/tugayakbas/Desktop/loom/backend/.venv/lib/python3.12/site-packages/httpx/_models.py", line 951, in iter_raw
    for raw_stream_bytes in self.stream:
                            ^^^^^^^^^^^
  File "/Users/tugayakbas/Desktop/loom/backend/.venv/lib/python3.12/site-packages/httpx/_client.py", line 153, in __iter__
    for chunk in self._stream:
                 ^^^^^^^^^^^^
  File "/Users/tugayakbas/Desktop/loom/backend/.venv/lib/python3.12/site-packages/httpx/_transports/default.py", line 126, in __iter__
    with map_httpcore_exceptions():
  File "/Library/Frameworks/Python.framework/Versions/3.12/lib/python3.12/contextlib.py", line 158, in __exit__
    self.gen.throw(value)
  File "/Users/tugayakbas/Desktop/loom/backend/.venv/lib/python3.12/site-packages/httpx/_transports/default.py", line 118, in map_httpcore_exceptions
    raise mapped_exc(message) from exc
httpx.RemoteProtocolError: peer closed connection without sending complete message body (incomplete chunked read)
  ROP    1437 new facts (2606 seen)
  GL     1324 new facts (2235 seen)
  UAL    1094 new facts (1940 seen)
  EIX    1333 new facts (2051 seen)
  TRMB   1428 new facts (2408 seen)
  DPZ    1310 new facts (2185 seen)
  CQP    750 new facts (1309 seen)
  BRO    1148 new facts (1908 seen)
  COHR   1241 new facts (2172 seen)
  WEC    978 new facts (1523 seen)
  PTGX   364 new facts (1172 seen)
  BCH    2 new facts (12 seen)
SEC XBRL: https://data.sec.gov/api/xbrl/companyfacts/CIK0001103838.json returned 404 for IBN
  BAH    999 new facts (1812 seen)
  RS     897 new facts (1547 seen)
  FICO   1389 new facts (2334 seen)
  REXR   524 new facts (1232 seen)
  UBS    2 new facts (9 seen)
  MUFG   250 new facts (435 seen)
  TT     1071 new facts (1821 seen)
  META   916 new facts (1822 seen)
  ADP    1019 new facts (1826 seen)
  FIX    1163 new facts (2066 seen)
  PAYC   738 new facts (1807 seen)
  NVMI   289 new facts (537 seen)
  FLEX   1068 new facts (2001 seen)
  EQNR   2 new facts (9 seen)
  OHI    1044 new facts (1596 seen)
  WSM    1313 new facts (2376 seen)
  TTE    2 new facts (9 seen)
  ALLY   1000 new facts (1841 seen)
  OXY    822 new facts (1420 seen)
  MKC    1348 new facts (2273 seen)
  VOD    4 new facts (8 seen)
  AMG    1170 new facts (1846 seen)
  EAT    1100 new facts (1891 seen)
  ALL    1030 new facts (1874 seen)
  IP     1163 new facts (1855 seen)
  HLI    524 new facts (1263 seen)
  B      50 new facts (57 seen)
  CPAY   1105 new facts (1953 seen)
  PHG    2 new facts (9 seen)
  TME    1 new facts (2 seen)
  IEX    1526 new facts (2491 seen)
  DOV    1185 new facts (2018 seen)
  DB     2 new facts (9 seen)
  PDD    46 new facts (356 seen)
  KT     2 new facts (9 seen)
  MELI   1465 new facts (2849 seen)
  TU     2 new facts (8 seen)
  HL     1222 new facts (2119 seen)
  PAAS   2 new facts (9 seen)
  NTRS   812 new facts (1651 seen)
  FSLR   1335 new facts (2324 seen)
  HIG    965 new facts (1753 seen)
  GPN    1177 new facts (1982 seen)
  ES     974 new facts (1743 seen)
  TGTX   614 new facts (1353 seen)
  TEL    1388 new facts (2229 seen)
  VST    205 new facts (967 seen)
  AGNC   769 new facts (1447 seen)
  RBA    574 new facts (1413 seen)
  QSR    692 new facts (1354 seen)
  NUE    1104 new facts (1955 seen)
  PHM    1142 new facts (1872 seen)
  STM    284 new facts (515 seen)
  SNA    1291 new facts (2073 seen)
  PFG    1123 new facts (1796 seen)
  KTOS   1182 new facts (2104 seen)
  W      464 new facts (1323 seen)
  DVA    1266 new facts (2069 seen)
  EXPE   987 new facts (1701 seen)
  TSN    1370 new facts (2151 seen)
  CNA    776 new facts (1549 seen)
  PWR    1081 new facts (2001 seen)
  ELPC   2 new facts (9 seen)
  RNR    1992 new facts (1992 seen)
  DEO    1 new facts (8 seen)
  AA     371 new facts (1141 seen)
  SAN    2 new facts (9 seen)
  RIVN   716 new facts (716 seen)
  TROW   2087 new facts (2087 seen)
  CCL    1767 new facts (1767 seen)
  RIOT   1734 new facts (1734 seen)
  AWK    2107 new facts (2107 seen)
  AXON   2524 new facts (2524 seen)
  TW     803 new facts (803 seen)
  SBAC   2057 new facts (2057 seen)
  BTI    9 new facts (9 seen)
  MP     737 new facts (737 seen)
  FRT    2080 new facts (2080 seen)
  KRYS   1052 new facts (1052 seen)
  PBR    58 new facts (58 seen)
  RSG    2073 new facts (2073 seen)
  COP    1705 new facts (1705 seen)
  BAM    139 new facts (139 seen)
  INIO   39 new facts (39 seen)
  AR     1467 new facts (1467 seen)
  ROL    1512 new facts (1512 seen)
  SHG    15 new facts (15 seen)
  AMX    3 new facts (3 seen)
  BSAC   17 new facts (17 seen)
  GRMN   2251 new facts (2251 seen)
  BWXT   2018 new facts (2018 seen)
  MCK    2187 new facts (2187 seen)
  KMB    2028 new facts (2028 seen)
  SUN    1194 new facts (1194 seen)
  LYG    3 new facts (3 seen)
  LNG    1775 new facts (1775 seen)
  TPR    2625 new facts (2625 seen)
  IR     1133 new facts (1133 seen)
  LUV    2152 new facts (2152 seen)
  ARES   695 new facts (695 seen)
  ESLT   426 new facts (426 seen)
  BAP    9 new facts (9 seen)
  ENTG   2315 new facts (2315 seen)
  VOYA   1294 new facts (1294 seen)
  WAB    2446 new facts (2446 seen)
  LNT    1587 new facts (1587 seen)
  EXE    1835 new facts (1835 seen)
  VRTX   2442 new facts (2442 seen)
  WM     2025 new facts (2025 seen)
  TRV    1747 new facts (1747 seen)
  GFI    149 new facts (149 seen)
  SKM    8 new facts (8 seen)
  EVRG   855 new facts (855 seen)
  RDY    9 new facts (9 seen)
  AVTR   984 new facts (984 seen)
  GEHC   421 new facts (421 seen)
  BPOP   1455 new facts (1455 seen)
  PRU    1537 new facts (1537 seen)
  FHN    1293 new facts (1293 seen)
  TIMB   6 new facts (6 seen)
  CHYM   201 new facts (201 seen)
  BRKR   2109 new facts (2109 seen)
  IDXX   2536 new facts (2536 seen)
  FIG    191 new facts (191 seen)
  HUBS   1763 new facts (1763 seen)
  ARGX   12 new facts (12 seen)
  TLN    457 new facts (457 seen)
Wrote 622717 new facts across 1006 companies in 8865s (0 failed).
