Fetching 12 years of daily closes for 1006 companies.
  LTH    996 new sessions (2021-10-07 to 2025-09-25)
  LLYVA  538 new sessions (2023-08-04 to 2025-09-25)
  EDU    2766 new sessions (2014-09-26 to 2025-09-25)
  PUK    1762 new sessions (2014-09-26 to 2021-09-24)
  QRVO   1695 new sessions (2015-01-02 to 2021-09-24)
  SF     1762 new sessions (2014-09-26 to 2021-09-24)
  KNX    1762 new sessions (2014-09-26 to 2021-09-24)
  CSGP   1762 new sessions (2014-09-26 to 2021-09-24)
  BIO    1762 new sessions (2014-09-26 to 2021-09-24)
  PNW    1762 new sessions (2014-09-26 to 2021-09-24)
  ATI    1762 new sessions (2014-09-26 to 2021-09-24)
  MRNA   705 new sessions (2018-12-07 to 2021-09-24)
  EMA    1762 new sessions (2014-09-26 to 2021-09-24)
  CACI   1762 new sessions (2014-09-26 to 2021-09-24)
  MOH    1762 new sessions (2014-09-26 to 2021-09-24)
  VALE   1762 new sessions (2014-09-26 to 2021-09-24)
  FCNCA  1762 new sessions (2014-09-26 to 2021-09-24)
  H      1762 new sessions (2014-09-26 to 2021-09-24)
  RVTY   1762 new sessions (2014-09-26 to 2021-09-24)
  YUMC   1244 new sessions (2016-10-17 to 2021-09-24)
  P      1504 new sessions (2015-10-06 to 2021-09-24)
  ESTC   748 new sessions (2018-10-05 to 2021-09-24)
  VTR    1762 new sessions (2014-09-26 to 2021-09-24)
  SHEL   1762 new sessions (2014-09-26 to 2021-09-24)
  WTW    1762 new sessions (2014-09-26 to 2021-09-24)
  ACGL   1762 new sessions (2014-09-26 to 2021-09-24)
  APG    356 new sessions (2020-04-29 to 2021-09-24)
  ZTS    1762 new sessions (2014-09-26 to 2021-09-24)
  EC     1762 new sessions (2014-09-26 to 2021-09-24)
  NWSA   1762 new sessions (2014-09-26 to 2021-09-24)
  NVS    1762 new sessions (2014-09-26 to 2021-09-24)
  SIRI   1762 new sessions (2014-09-26 to 2021-09-24)
  EQH    851 new sessions (2018-05-10 to 2021-09-24)
  EWBC   1762 new sessions (2014-09-26 to 2021-09-24)
  ARCC   1762 new sessions (2014-09-26 to 2021-09-24)
  RKT    287 new sessions (2020-08-06 to 2021-09-24)
  NTAP   1762 new sessions (2014-09-26 to 2021-09-24)
  KNTK   721 new sessions (2018-11-13 to 2021-09-24)
  IBM    1762 new sessions (2014-09-26 to 2021-09-24)
  CVNA   1111 new sessions (2017-04-28 to 2021-09-24)
  BBY    1762 new sessions (2014-09-26 to 2021-09-24)
  CINF   1762 new sessions (2014-09-26 to 2021-09-24)
  WF     1762 new sessions (2014-09-26 to 2021-09-24)
  IFF    1762 new sessions (2014-09-26 to 2021-09-24)
  LSCC   1762 new sessions (2014-09-26 to 2021-09-24)
  FE     1762 new sessions (2014-09-26 to 2021-09-24)
  CRH    1762 new sessions (2014-09-26 to 2021-09-24)
  RIO    1762 new sessions (2014-09-26 to 2021-09-24)
  AZO    2766 new sessions (2014-09-26 to 2025-09-25)
  OKTA   1125 new sessions (2017-04-07 to 2021-09-24)
  VMC    1762 new sessions (2014-09-26 to 2021-09-24)
  RRC    1762 new sessions (2014-09-26 to 2021-09-24)
  ILMN   1762 new sessions (2014-09-26 to 2021-09-24)
  GM     1762 new sessions (2014-09-26 to 2021-09-24)
  ET     1762 new sessions (2014-09-26 to 2021-09-24)
  ARMK   1762 new sessions (2014-09-26 to 2021-09-24)
  MTZ    1762 new sessions (2014-09-26 to 2021-09-24)
  WCN    1762 new sessions (2014-09-26 to 2021-09-24)
  KDP    1762 new sessions (2014-09-26 to 2021-09-24)
  SYF    1762 new sessions (2014-09-26 to 2021-09-24)
  HBM    1762 new sessions (2014-09-26 to 2021-09-24)
  DTM    60 new sessions (2021-07-01 to 2021-09-24)
  BKR    1762 new sessions (2014-09-26 to 2021-09-24)
  INSM   1762 new sessions (2014-09-26 to 2021-09-24)
  DVN    1762 new sessions (2014-09-26 to 2021-09-24)
  VTRS   1762 new sessions (2014-09-26 to 2021-09-24)
  CTVA   590 new sessions (2019-05-24 to 2021-09-24)
  SOFI   184 new sessions (2021-01-04 to 2021-09-24)
  NYT    1762 new sessions (2014-09-26 to 2021-09-24)
  RELX   1762 new sessions (2014-09-26 to 2021-09-24)
  HEI    1762 new sessions (2014-09-26 to 2021-09-24)
  SLB    1762 new sessions (2014-09-26 to 2021-09-24)
  COIN   115 new sessions (2021-04-14 to 2021-09-24)
  WELL   1762 new sessions (2014-09-26 to 2021-09-24)
  MTB    1762 new sessions (2014-09-26 to 2021-09-24)
  IVZ    1762 new sessions (2014-09-26 to 2021-09-24)
  LECO   1762 new sessions (2014-09-26 to 2021-09-24)
  OSCR   144 new sessions (2021-03-03 to 2021-09-24)
  BWA    1762 new sessions (2014-09-26 to 2021-09-24)
  CSL    1762 new sessions (2014-09-26 to 2021-09-24)
  NVDA   1507 new sessions (2014-09-26 to 2020-09-21)
  JNJ    1507 new sessions (2014-09-26 to 2020-09-21)
  PLD    1507 new sessions (2014-09-26 to 2020-09-21)
  MDB    735 new sessions (2017-10-19 to 2020-09-21)
  HCA    1507 new sessions (2014-09-26 to 2020-09-21)
  T      1507 new sessions (2014-09-26 to 2020-09-21)
  VZ     1507 new sessions (2014-09-26 to 2020-09-21)
  YUM    1507 new sessions (2014-09-26 to 2020-09-21)
  KLAC   1507 new sessions (2014-09-26 to 2020-09-21)
  NOW    1507 new sessions (2014-09-26 to 2020-09-21)
  NXPI   1507 new sessions (2014-09-26 to 2020-09-21)
  MCHP   1507 new sessions (2014-09-26 to 2020-09-21)
  JPM    1507 new sessions (2014-09-26 to 2020-09-21)
  AMD    1507 new sessions (2014-09-26 to 2020-09-21)
  PGR    1507 new sessions (2014-09-26 to 2020-09-21)
  SO     1507 new sessions (2014-09-26 to 2020-09-21)
  AEP    1507 new sessions (2014-09-26 to 2020-09-21)
  CDNS   1507 new sessions (2014-09-26 to 2020-09-21)
  SHW    1507 new sessions (2014-09-26 to 2020-09-21)
  TMUS   1507 new sessions (2014-09-26 to 2020-09-21)
  ECL    1507 new sessions (2014-09-26 to 2020-09-21)
  MAR    1507 new sessions (2014-09-26 to 2020-09-21)
  LMT    1507 new sessions (2014-09-26 to 2020-09-21)
  CHTR   1507 new sessions (2014-09-26 to 2020-09-21)
  MDT    1507 new sessions (2014-09-26 to 2020-09-21)
  NET    258 new sessions (2019-09-13 to 2020-09-21)
  SRE    1507 new sessions (2014-09-26 to 2020-09-21)
  COST   1507 new sessions (2014-09-26 to 2020-09-21)
  DE     1507 new sessions (2014-09-26 to 2020-09-21)
  FTNT   1762 new sessions (2014-09-26 to 2021-09-24)
  FDS    1762 new sessions (2014-09-26 to 2021-09-24)
  RBLX   139 new sessions (2021-03-10 to 2021-09-24)
  ARWR   1762 new sessions (2014-09-26 to 2021-09-24)
  NTNX   1255 new sessions (2016-09-30 to 2021-09-24)
  ZION   1762 new sessions (2014-09-26 to 2021-09-24)
  FTAI   1604 new sessions (2015-05-14 to 2021-09-24)
  DKS    1762 new sessions (2014-09-26 to 2021-09-24)
  MDLZ   1762 new sessions (2014-09-26 to 2021-09-24)
  CPNG   138 new sessions (2021-03-11 to 2021-09-24)
  ONTO   482 new sessions (2019-10-28 to 2021-09-24)
  JLL    1762 new sessions (2014-09-26 to 2021-09-24)
  WPC    1762 new sessions (2014-09-26 to 2021-09-24)
  ED     1762 new sessions (2014-09-26 to 2021-09-24)
  AME    1762 new sessions (2014-09-26 to 2021-09-24)
  IONQ   184 new sessions (2021-01-04 to 2021-09-24)
  OGE    1762 new sessions (2014-09-26 to 2021-09-24)
  TTMI   1762 new sessions (2014-09-26 to 2021-09-24)
  LVS    1762 new sessions (2014-09-26 to 2021-09-24)
  NTRA   1571 new sessions (2015-07-01 to 2021-09-24)
  SNAP   1151 new sessions (2017-03-02 to 2021-09-24)
  XPO    1762 new sessions (2014-09-26 to 2021-09-24)
  WPM    1762 new sessions (2014-09-26 to 2021-09-24)
  APTV   1762 new sessions (2014-09-26 to 2021-09-24)
  ABEV   1762 new sessions (2014-09-26 to 2021-09-24)
  FN     1762 new sessions (2014-09-26 to 2021-09-24)
  LII    1762 new sessions (2014-09-26 to 2021-09-24)
  HMY    1762 new sessions (2014-09-26 to 2021-09-24)
  TOL    1762 new sessions (2014-09-26 to 2021-09-24)
  ONC    1422 new sessions (2016-02-03 to 2021-09-24)
  SWKS   1762 new sessions (2014-09-26 to 2021-09-24)
  AEE    1762 new sessions (2014-09-26 to 2021-09-24)
  NRG    1762 new sessions (2014-09-26 to 2021-09-24)
  INVH   1171 new sessions (2017-02-01 to 2021-09-24)
  RRX    1762 new sessions (2014-09-26 to 2021-09-24)
  SW     1762 new sessions (2014-09-26 to 2021-09-24)
  PM     1762 new sessions (2014-09-26 to 2021-09-24)
  UI     1762 new sessions (2014-09-26 to 2021-09-24)
  FLUT   1762 new sessions (2014-09-26 to 2021-09-24)
  AIZ    1762 new sessions (2014-09-26 to 2021-09-24)
  JD     1762 new sessions (2014-09-26 to 2021-09-24)
  LFUS   1762 new sessions (2014-09-26 to 2021-09-24)
  MO     1762 new sessions (2014-09-26 to 2021-09-24)
  KYMR   276 new sessions (2020-08-21 to 2021-09-24)
  CG     1762 new sessions (2014-09-26 to 2021-09-24)
  UMC    1762 new sessions (2014-09-26 to 2021-09-24)
  CNH    1762 new sessions (2014-09-26 to 2021-09-24)
  AEIS   1762 new sessions (2014-09-26 to 2021-09-24)
  GIB    1762 new sessions (2014-09-26 to 2021-09-24)
  WCC    1762 new sessions (2014-09-26 to 2021-09-24)
  BP     1762 new sessions (2014-09-26 to 2021-09-24)
  HMC    1762 new sessions (2014-09-26 to 2021-09-24)
  DLR    1762 new sessions (2014-09-26 to 2021-09-24)
  WIT    1762 new sessions (2014-09-26 to 2021-09-24)
  SBS    1762 new sessions (2014-09-26 to 2021-09-24)
  MUSA   1762 new sessions (2014-09-26 to 2021-09-24)
  CL     1762 new sessions (2014-09-26 to 2021-09-24)
  HUBB   1762 new sessions (2014-09-26 to 2021-09-24)
  AMKR   1762 new sessions (2014-09-26 to 2021-09-24)
  ONON   8 new sessions (2021-09-15 to 2021-09-24)
  FROG   259 new sessions (2020-09-16 to 2021-09-24)
  XEL    1762 new sessions (2014-09-26 to 2021-09-24)
  GWRE   1762 new sessions (2014-09-26 to 2021-09-24)
  MRSH   1762 new sessions (2014-09-26 to 2021-09-24)
  AMCR   1762 new sessions (2014-09-26 to 2021-09-24)
  NDSN   1762 new sessions (2014-09-26 to 2021-09-24)
  BIDU   1762 new sessions (2014-09-26 to 2021-09-24)
  TXRH   1762 new sessions (2014-09-26 to 2021-09-24)
  VMI    1762 new sessions (2014-09-26 to 2021-09-24)
  VLO    1762 new sessions (2014-09-26 to 2021-09-24)
  RMD    1762 new sessions (2014-09-26 to 2021-09-24)
  PAYX   1762 new sessions (2014-09-26 to 2021-09-24)
  MGA    1762 new sessions (2014-09-26 to 2021-09-24)
  STT    1762 new sessions (2014-09-26 to 2021-09-24)
  RBC    1762 new sessions (2014-09-26 to 2021-09-24)
  SUI    1762 new sessions (2014-09-26 to 2021-09-24)
  AU     1762 new sessions (2014-09-26 to 2021-09-24)
  CORT   1762 new sessions (2014-09-26 to 2021-09-24)
  WTRG   1762 new sessions (2014-09-26 to 2021-09-24)
  DECK   1762 new sessions (2014-09-26 to 2021-09-24)
  STLA   1762 new sessions (2014-09-26 to 2021-09-24)
  ALSN   1762 new sessions (2014-09-26 to 2021-09-24)
  BEKE   282 new sessions (2020-08-13 to 2021-09-24)
  SMTC   1762 new sessions (2014-09-26 to 2021-09-24)
  ORI    1762 new sessions (2014-09-26 to 2021-09-24)
  PKX    1762 new sessions (2014-09-26 to 2021-09-24)
  ETN    1762 new sessions (2014-09-26 to 2021-09-24)
  SCI    1762 new sessions (2014-09-26 to 2021-09-24)
  TD     1762 new sessions (2014-09-26 to 2021-09-24)
  ALB    1762 new sessions (2014-09-26 to 2021-09-24)
  APH    1762 new sessions (2014-09-26 to 2021-09-24)
  NIO    765 new sessions (2018-09-12 to 2021-09-24)
  HDB    1762 new sessions (2014-09-26 to 2021-09-24)
  SGI    1762 new sessions (2014-09-26 to 2021-09-24)
  EG     1762 new sessions (2014-09-26 to 2021-09-24)
  GPC    1762 new sessions (2014-09-26 to 2021-09-24)
  WRB    1762 new sessions (2014-09-26 to 2021-09-24)
  DELL   1286 new sessions (2016-08-17 to 2021-09-24)
  TFII   1762 new sessions (2014-09-26 to 2021-09-24)
  ALNY   1762 new sessions (2014-09-26 to 2021-09-24)
  RYAN   46 new sessions (2021-07-22 to 2021-09-24)
  AAL    1762 new sessions (2014-09-26 to 2021-09-24)
  RYAAY  1762 new sessions (2014-09-26 to 2021-09-24)
  CLX    1762 new sessions (2014-09-26 to 2021-09-24)
  AVY    1762 new sessions (2014-09-26 to 2021-09-24)
  GD     1762 new sessions (2014-09-26 to 2021-09-24)
  EPD    1762 new sessions (2014-09-26 to 2021-09-24)
  RCL    1762 new sessions (2014-09-26 to 2021-09-24)
  FAST   1762 new sessions (2014-09-26 to 2021-09-24)
  TXT    1762 new sessions (2014-09-26 to 2021-09-24)
  CPT    1762 new sessions (2014-09-26 to 2021-09-24)
  NVR    1762 new sessions (2014-09-26 to 2021-09-24)
  KKR    1762 new sessions (2014-09-26 to 2021-09-24)
  APO    1762 new sessions (2014-09-26 to 2021-09-24)
  MKSI   1762 new sessions (2014-09-26 to 2021-09-24)
  RF     1762 new sessions (2014-09-26 to 2021-09-24)
  DDS    1762 new sessions (2014-09-26 to 2021-09-24)
  SYM    140 new sessions (2021-03-09 to 2021-09-24)
  VRSN   1762 new sessions (2014-09-26 to 2021-09-24)
  AEG    1762 new sessions (2014-09-26 to 2021-09-24)
  CCJ    1762 new sessions (2014-09-26 to 2021-09-24)
  MFG    1762 new sessions (2014-09-26 to 2021-09-24)
  BE     799 new sessions (2018-07-25 to 2021-09-24)
  SAP    1762 new sessions (2014-09-26 to 2021-09-24)
  JBHT   1762 new sessions (2014-09-26 to 2021-09-24)
  BCE    1762 new sessions (2014-09-26 to 2021-09-24)
  ROST   1762 new sessions (2014-09-26 to 2021-09-24)
  BSY    254 new sessions (2020-09-23 to 2021-09-24)
  CSCO   1762 new sessions (2014-09-26 to 2021-09-24)
  ICLR   1762 new sessions (2014-09-26 to 2021-09-24)
  WTS    1762 new sessions (2014-09-26 to 2021-09-24)
  ING    1762 new sessions (2014-09-26 to 2021-09-24)
  MOG-A  1762 new sessions (2014-09-26 to 2021-09-24)
  UBER   600 new sessions (2019-05-10 to 2021-09-24)
  JCI    1762 new sessions (2014-09-26 to 2021-09-24)
  PAG    1762 new sessions (2014-09-26 to 2021-09-24)
  TTC    1762 new sessions (2014-09-26 to 2021-09-24)
  MAS    1762 new sessions (2014-09-26 to 2021-09-24)
  ORLY   1762 new sessions (2014-09-26 to 2021-09-24)
  SMCI   1762 new sessions (2014-09-26 to 2021-09-24)
  THC    1762 new sessions (2014-09-26 to 2021-09-24)
  SEIC   1762 new sessions (2014-09-26 to 2021-09-24)
  TSEM   1762 new sessions (2014-09-26 to 2021-09-24)
  TXG    514 new sessions (2019-09-12 to 2021-09-24)
  CARR   384 new sessions (2020-03-19 to 2021-09-24)
  BJ     817 new sessions (2018-06-28 to 2021-09-24)
  UL     1762 new sessions (2014-09-26 to 2021-09-24)
  ZBRA   1762 new sessions (2014-09-26 to 2021-09-24)
  MSCI   1762 new sessions (2014-09-26 to 2021-09-24)
  FNF    1762 new sessions (2014-09-26 to 2021-09-24)
  SHOP   1600 new sessions (2015-05-20 to 2021-09-24)
  SMMT   1653 new sessions (2015-03-05 to 2021-09-24)
  TYL    1762 new sessions (2014-09-26 to 2021-09-24)
  FTV    1317 new sessions (2016-07-05 to 2021-09-24)
  HUM    1762 new sessions (2014-09-26 to 2021-09-24)
  KB     1762 new sessions (2014-09-26 to 2021-09-24)
  BNTX   494 new sessions (2019-10-10 to 2021-09-24)
  RPRX   323 new sessions (2020-06-16 to 2021-09-24)
  PSKY   1762 new sessions (2014-09-26 to 2021-09-24)
  EMBJ   1762 new sessions (2014-09-26 to 2021-09-24)
  R      1762 new sessions (2014-09-26 to 2021-09-24)
  WSO    1762 new sessions (2014-09-26 to 2021-09-24)
  PPG    1762 new sessions (2014-09-26 to 2021-09-24)
  MOD    1762 new sessions (2014-09-26 to 2021-09-24)
  UHAL   1762 new sessions (2014-09-26 to 2021-09-24)
  SE     989 new sessions (2017-10-20 to 2021-09-24)
  TPL    1762 new sessions (2014-09-26 to 2021-09-24)
  ROK    1762 new sessions (2014-09-26 to 2021-09-24)
  HTHT   1762 new sessions (2014-09-26 to 2021-09-24)
  U      257 new sessions (2020-09-18 to 2021-09-24)
  GLPI   1762 new sessions (2014-09-26 to 2021-09-24)
  HUT    895 new sessions (2018-03-08 to 2021-09-24)
  TOST   3 new sessions (2021-09-22 to 2021-09-24)
  PNC    1762 new sessions (2014-09-26 to 2021-09-24)
  EQX    689 new sessions (2019-01-02 to 2021-09-24)
  CYTK   1762 new sessions (2014-09-26 to 2021-09-24)
  DT     543 new sessions (2019-08-01 to 2021-09-24)
  REGN   1762 new sessions (2014-09-26 to 2021-09-24)
  ESS    1762 new sessions (2014-09-26 to 2021-09-24)
  PEG    1762 new sessions (2014-09-26 to 2021-09-24)
  SU     1762 new sessions (2014-09-26 to 2021-09-24)
  STE    1762 new sessions (2014-09-26 to 2021-09-24)
  PAA    1762 new sessions (2014-09-26 to 2021-09-24)
  REG    1762 new sessions (2014-09-26 to 2021-09-24)
  UDR    1762 new sessions (2014-09-26 to 2021-09-24)
  PEN    1516 new sessions (2015-09-18 to 2021-09-24)
  XYZ    1472 new sessions (2015-11-19 to 2021-09-24)
  ERIC   1762 new sessions (2014-09-26 to 2021-09-24)
  ENB    1762 new sessions (2014-09-26 to 2021-09-24)
  FRO    1762 new sessions (2014-09-26 to 2021-09-24)
  CGNX   1762 new sessions (2014-09-26 to 2021-09-24)
  ALGN   1762 new sessions (2014-09-26 to 2021-09-24)
  DKNG   548 new sessions (2019-07-25 to 2021-09-24)
  GSAT   1762 new sessions (2014-09-26 to 2021-09-24)
  ASND   1678 new sessions (2015-01-28 to 2021-09-24)
  MTSI   1762 new sessions (2014-09-26 to 2021-09-24)
  MSI    1762 new sessions (2014-09-26 to 2021-09-24)
  EL     1762 new sessions (2014-09-26 to 2021-09-24)
  NVO    1762 new sessions (2014-09-26 to 2021-09-24)
  ITUB   1762 new sessions (2014-09-26 to 2021-09-24)
  AES    1762 new sessions (2014-09-26 to 2021-09-24)
  EMR    1762 new sessions (2014-09-26 to 2021-09-24)
  GMED   1762 new sessions (2014-09-26 to 2021-09-24)
  WBD    1762 new sessions (2014-09-26 to 2021-09-24)
  IQV    1762 new sessions (2014-09-26 to 2021-09-24)
  CM     1762 new sessions (2014-09-26 to 2021-09-24)
  ERIE   1762 new sessions (2014-09-26 to 2021-09-24)
  MET    1762 new sessions (2014-09-26 to 2021-09-24)
  NOK    1762 new sessions (2014-09-26 to 2021-09-24)
  DINO   1762 new sessions (2014-09-26 to 2021-09-24)
  FMX    1762 new sessions (2014-09-26 to 2021-09-24)
  DRI    1762 new sessions (2014-09-26 to 2021-09-24)
  STLD   1762 new sessions (2014-09-26 to 2021-09-24)
  FMS    1762 new sessions (2014-09-26 to 2021-09-24)
  COO    1762 new sessions (2014-09-26 to 2021-09-24)
  IHG    1762 new sessions (2014-09-26 to 2021-09-24)
  GMAB   1762 new sessions (2014-09-26 to 2021-09-24)
  KMI    1762 new sessions (2014-09-26 to 2021-09-24)
  CME    1762 new sessions (2014-09-26 to 2021-09-24)
  UHS    1762 new sessions (2014-09-26 to 2021-09-24)
  COKE   1762 new sessions (2014-09-26 to 2021-09-24)
  JXN    17 new sessions (2021-09-01 to 2021-09-24)
  GGG    1762 new sessions (2014-09-26 to 2021-09-24)
  ASTS   478 new sessions (2019-11-01 to 2021-09-24)
  SJM    1762 new sessions (2014-09-26 to 2021-09-24)
  MTCH   1762 new sessions (2014-09-26 to 2021-09-24)
  AYI    1762 new sessions (2014-09-26 to 2021-09-24)
  ATO    1762 new sessions (2014-09-26 to 2021-09-24)
  FLS    1762 new sessions (2014-09-26 to 2021-09-24)
  FITB   1762 new sessions (2014-09-26 to 2021-09-24)
  INFY   1762 new sessions (2014-09-26 to 2021-09-24)
  ELS    1762 new sessions (2014-09-26 to 2021-09-24)
  SITM   465 new sessions (2019-11-20 to 2021-09-24)
  TRI    1762 new sessions (2014-09-26 to 2021-09-24)
  PYPL   1569 new sessions (2015-07-06 to 2021-09-24)
  PCG    1762 new sessions (2014-09-26 to 2021-09-24)
  WES    1762 new sessions (2014-09-26 to 2021-09-24)
  CPRT   1762 new sessions (2014-09-26 to 2021-09-24)
  VIAV   1762 new sessions (2014-09-26 to 2021-09-24)
  VRT    793 new sessions (2018-08-02 to 2021-09-24)
  CCEP   1762 new sessions (2014-09-26 to 2021-09-24)
  CF     1762 new sessions (2014-09-26 to 2021-09-24)
  WWD    1762 new sessions (2014-09-26 to 2021-09-24)
  CLH    1762 new sessions (2014-09-26 to 2021-09-24)
  FTI    1762 new sessions (2014-09-26 to 2021-09-24)
  DHI    1762 new sessions (2014-09-26 to 2021-09-24)
  WAT    1762 new sessions (2014-09-26 to 2021-09-24)
  ENSG   1762 new sessions (2014-09-26 to 2021-09-24)
  AEM    1762 new sessions (2014-09-26 to 2021-09-24)
  GEN    1762 new sessions (2014-09-26 to 2021-09-24)
  TTEK   1762 new sessions (2014-09-26 to 2021-09-24)
  PHYS   1762 new sessions (2014-09-26 to 2021-09-24)
  PFGC   1508 new sessions (2015-09-30 to 2021-09-24)
  YPF    1762 new sessions (2014-09-26 to 2021-09-24)
  CW     1762 new sessions (2014-09-26 to 2021-09-24)
  KEYS   1746 new sessions (2014-10-20 to 2021-09-24)
  HWM    1233 new sessions (2016-11-01 to 2021-09-24)
  APA    1762 new sessions (2014-09-26 to 2021-09-24)
  DXCM   1762 new sessions (2014-09-26 to 2021-09-24)
  MFC    1762 new sessions (2014-09-26 to 2021-09-24)
  FIVE   1762 new sessions (2014-09-26 to 2021-09-24)
  LULU   1762 new sessions (2014-09-26 to 2021-09-24)
  GDDY   1635 new sessions (2015-03-31 to 2021-09-24)
  NBIX   1762 new sessions (2014-09-26 to 2021-09-24)
  USB    1762 new sessions (2014-09-26 to 2021-09-24)
  TECH   1762 new sessions (2014-09-26 to 2021-09-24)
  HPE    1495 new sessions (2015-10-19 to 2021-09-24)
  TSCO   1762 new sessions (2014-09-26 to 2021-09-24)
  HSY    1762 new sessions (2014-09-26 to 2021-09-24)
  EQT    1762 new sessions (2014-09-26 to 2021-09-24)
  ULTA   1762 new sessions (2014-09-26 to 2021-09-24)
  BSBR   1762 new sessions (2014-09-26 to 2021-09-24)
  MNST   1762 new sessions (2014-09-26 to 2021-09-24)
  EGO    1762 new sessions (2014-09-26 to 2021-09-24)
  FOXA   642 new sessions (2019-03-12 to 2021-09-24)
  OTIS   384 new sessions (2020-03-19 to 2021-09-24)
  CHKP   1762 new sessions (2014-09-26 to 2021-09-24)
  XP     451 new sessions (2019-12-11 to 2021-09-24)
  RL     1762 new sessions (2014-09-26 to 2021-09-24)
  GGB    1762 new sessions (2014-09-26 to 2021-09-24)
  FANG   1762 new sessions (2014-09-26 to 2021-09-24)
  CP     1762 new sessions (2014-09-26 to 2021-09-24)
  BR     1762 new sessions (2014-09-26 to 2021-09-24)
  VIV    1762 new sessions (2014-09-26 to 2021-09-24)
  FERG   1762 new sessions (2014-09-26 to 2021-09-24)
  VICR   1762 new sessions (2014-09-26 to 2021-09-24)
  NGG    1762 new sessions (2014-09-26 to 2021-09-24)
  RGLD   1762 new sessions (2014-09-26 to 2021-09-24)
  RGEN   1762 new sessions (2014-09-26 to 2021-09-24)
  CBRE   1762 new sessions (2014-09-26 to 2021-09-24)
  BCS    1762 new sessions (2014-09-26 to 2021-09-24)
  GLW    1762 new sessions (2014-09-26 to 2021-09-24)
  AIG    1762 new sessions (2014-09-26 to 2021-09-24)
  FTS    1762 new sessions (2014-09-26 to 2021-09-24)
  ONB    1762 new sessions (2014-09-26 to 2021-09-24)
  ITW    1762 new sessions (2014-09-26 to 2021-09-24)
  KR     1762 new sessions (2014-09-26 to 2021-09-24)
  RGA    1762 new sessions (2014-09-26 to 2021-09-24)
  RJF    1762 new sessions (2014-09-26 to 2021-09-24)
  RCI    1762 new sessions (2014-09-26 to 2021-09-24)
  CNP    1762 new sessions (2014-09-26 to 2021-09-24)
  DASH   200 new sessions (2020-12-09 to 2021-09-24)
  LI     292 new sessions (2020-07-30 to 2021-09-24)
  HALO   1762 new sessions (2014-09-26 to 2021-09-24)
  RPM    1762 new sessions (2014-09-26 to 2021-09-24)
  LOGI   1762 new sessions (2014-09-26 to 2021-09-24)
  NOC    1762 new sessions (2014-09-26 to 2021-09-24)
  CRL    1762 new sessions (2014-09-26 to 2021-09-24)
  DAL    1762 new sessions (2014-09-26 to 2021-09-24)
  BF-B   1762 new sessions (2014-09-26 to 2021-09-24)
  TAK    1762 new sessions (2014-09-26 to 2021-09-24)
  IAG    1762 new sessions (2014-09-26 to 2021-09-24)
  AER    1762 new sessions (2014-09-26 to 2021-09-24)
  GKOS   1575 new sessions (2015-06-25 to 2021-09-24)
  BXP    1762 new sessions (2014-09-26 to 2021-09-24)
  HBAN   1762 new sessions (2014-09-26 to 2021-09-24)
  HII    1762 new sessions (2014-09-26 to 2021-09-24)
  RMBS   1762 new sessions (2014-09-26 to 2021-09-24)
  EXC    1762 new sessions (2014-09-26 to 2021-09-24)
  HAS    1762 new sessions (2014-09-26 to 2021-09-24)
  KEY    1762 new sessions (2014-09-26 to 2021-09-24)
  CFR    1762 new sessions (2014-09-26 to 2021-09-24)
  JHX    1762 new sessions (2014-09-26 to 2021-09-24)
  TDG    1762 new sessions (2014-09-26 to 2021-09-24)
  MDGL   1762 new sessions (2014-09-26 to 2021-09-24)
  BUD    1762 new sessions (2014-09-26 to 2021-09-24)
  TWLO   1324 new sessions (2016-06-23 to 2021-09-24)
  PINS   615 new sessions (2019-04-18 to 2021-09-24)
  AGI    1762 new sessions (2014-09-26 to 2021-09-24)
  MPLX   1762 new sessions (2014-09-26 to 2021-09-24)
  MCO    1762 new sessions (2014-09-26 to 2021-09-24)
  BALL   1762 new sessions (2014-09-26 to 2021-09-24)
  TER    1762 new sessions (2014-09-26 to 2021-09-24)
  GME    1762 new sessions (2014-09-26 to 2021-09-24)
  AFG    1762 new sessions (2014-09-26 to 2021-09-24)
  CASY   1762 new sessions (2014-09-26 to 2021-09-24)
  PNFP   1762 new sessions (2014-09-26 to 2021-09-24)
  FORM   1762 new sessions (2014-09-26 to 2021-09-24)
  TEVA   1762 new sessions (2014-09-26 to 2021-09-24)
  MANH   1762 new sessions (2014-09-26 to 2021-09-24)
  SANM   1762 new sessions (2014-09-26 to 2021-09-24)
  PR     1372 new sessions (2016-04-15 to 2021-09-24)
  MSGS   1517 new sessions (2015-09-17 to 2021-09-24)
  PSO    1762 new sessions (2014-09-26 to 2021-09-24)
  J      1762 new sessions (2014-09-26 to 2021-09-24)
  IESC   1762 new sessions (2014-09-26 to 2021-09-24)
  AON    1762 new sessions (2014-09-26 to 2021-09-24)
  WTFC   1762 new sessions (2014-09-26 to 2021-09-24)
  SIMO   1762 new sessions (2014-09-26 to 2021-09-24)
  CTSH   1762 new sessions (2014-09-26 to 2021-09-24)
  CTAS   1762 new sessions (2014-09-26 to 2021-09-24)
  OKE    1762 new sessions (2014-09-26 to 2021-09-24)
  FUTU   644 new sessions (2019-03-08 to 2021-09-24)
  BRK-B  1762 new sessions (2014-09-26 to 2021-09-24)
  KIM    1762 new sessions (2014-09-26 to 2021-09-24)
  CNC    1762 new sessions (2014-09-26 to 2021-09-24)
  JKHY   1762 new sessions (2014-09-26 to 2021-09-24)
  CNI    1762 new sessions (2014-09-26 to 2021-09-24)
  CHRW   1762 new sessions (2014-09-26 to 2021-09-24)
  ARE    1762 new sessions (2014-09-26 to 2021-09-24)
  EBAY   1762 new sessions (2014-09-26 to 2021-09-24)
  EW     1762 new sessions (2014-09-26 to 2021-09-24)
  GH     749 new sessions (2018-10-04 to 2021-09-24)
  ZTO    1236 new sessions (2016-10-27 to 2021-09-24)
  SWK    1762 new sessions (2014-09-26 to 2021-09-24)
  HRL    1762 new sessions (2014-09-26 to 2021-09-24)
  OMC    1762 new sessions (2014-09-26 to 2021-09-24)
  CX     1762 new sessions (2014-09-26 to 2021-09-24)
  LHX    1762 new sessions (2014-09-26 to 2021-09-24)
  JAZZ   1762 new sessions (2014-09-26 to 2021-09-24)
  CCK    1762 new sessions (2014-09-26 to 2021-09-24)
  SNN    1762 new sessions (2014-09-26 to 2021-09-24)
  BDX    1762 new sessions (2014-09-26 to 2021-09-24)
  UNM    1762 new sessions (2014-09-26 to 2021-09-24)
  HAL    1762 new sessions (2014-09-26 to 2021-09-24)
  ANET   1762 new sessions (2014-09-26 to 2021-09-24)
  URI    1762 new sessions (2014-09-26 to 2021-09-24)
  VEEV   1762 new sessions (2014-09-26 to 2021-09-24)
  UTHR   1762 new sessions (2014-09-26 to 2021-09-24)
  HST    1762 new sessions (2014-09-26 to 2021-09-24)
  EFX    1762 new sessions (2014-09-26 to 2021-09-24)
  SSNC   1762 new sessions (2014-09-26 to 2021-09-24)
  NLY    1762 new sessions (2014-09-26 to 2021-09-24)
  WMS    1762 new sessions (2014-09-26 to 2021-09-24)
  WMB    1762 new sessions (2014-09-26 to 2021-09-24)
  UMBF   1762 new sessions (2014-09-26 to 2021-09-24)
  PSX    1762 new sessions (2014-09-26 to 2021-09-24)
  NVT    863 new sessions (2018-04-24 to 2021-09-24)
  CRS    1762 new sessions (2014-09-26 to 2021-09-24)
  TIGO   684 new sessions (2019-01-09 to 2021-09-24)
  GIS    1762 new sessions (2014-09-26 to 2021-09-24)
  DGX    1762 new sessions (2014-09-26 to 2021-09-24)
  SUZ    1762 new sessions (2014-09-26 to 2021-09-24)
  ALC    622 new sessions (2019-04-09 to 2021-09-24)
  CDW    1762 new sessions (2014-09-26 to 2021-09-24)
  ASX    1762 new sessions (2014-09-26 to 2021-09-24)
  KEP    1762 new sessions (2014-09-26 to 2021-09-24)
  PSLV   1762 new sessions (2014-09-26 to 2021-09-24)
  BURL   1762 new sessions (2014-09-26 to 2021-09-24)
  DD     1762 new sessions (2014-09-26 to 2021-09-24)
  BIIB   1762 new sessions (2014-09-26 to 2021-09-24)
  AMH    1762 new sessions (2014-09-26 to 2021-09-24)
  BBD    1762 new sessions (2014-09-26 to 2021-09-24)
  TRU    1575 new sessions (2015-06-25 to 2021-09-24)
  BHP    1762 new sessions (2014-09-26 to 2021-09-24)
  TM     1762 new sessions (2014-09-26 to 2021-09-24)
  STZ    1762 new sessions (2014-09-26 to 2021-09-24)
  ZM     615 new sessions (2019-04-18 to 2021-09-24)
  ALLE   1762 new sessions (2014-09-26 to 2021-09-24)
  SYY    1762 new sessions (2014-09-26 to 2021-09-24)
  ARW    1762 new sessions (2014-09-26 to 2021-09-24)
  TRGP   1762 new sessions (2014-09-26 to 2021-09-24)
  LH     1762 new sessions (2014-09-26 to 2021-09-24)
  CVE    1762 new sessions (2014-09-26 to 2021-09-24)
  WMG    332 new sessions (2020-06-03 to 2021-09-24)
  VMRK   1762 new sessions (2014-09-26 to 2021-09-24)
  IX     1762 new sessions (2014-09-26 to 2021-09-24)
  KGC    1762 new sessions (2014-09-26 to 2021-09-24)
  FRHC   915 new sessions (2018-02-07 to 2021-09-24)
  EGP    1762 new sessions (2014-09-26 to 2021-09-24)
  GNRC   1762 new sessions (2014-09-26 to 2021-09-24)
  AMP    1762 new sessions (2014-09-26 to 2021-09-24)
  QXO    1762 new sessions (2014-09-26 to 2021-09-24)
  ECHO   1762 new sessions (2014-09-26 to 2021-09-24)
  CAH    1762 new sessions (2014-09-26 to 2021-09-24)
  SNY    1762 new sessions (2014-09-26 to 2021-09-24)
  GSK    1762 new sessions (2014-09-26 to 2021-09-24)
  GFL    396 new sessions (2020-03-03 to 2021-09-24)
  RY     1762 new sessions (2014-09-26 to 2021-09-24)
  ICE    1762 new sessions (2014-09-26 to 2021-09-24)
  BBIO   567 new sessions (2019-06-27 to 2021-09-24)
  NTES   1762 new sessions (2014-09-26 to 2021-09-24)
  AZN    1762 new sessions (2014-09-26 to 2021-09-24)
  AJG    1762 new sessions (2014-09-26 to 2021-09-24)
  MKL    1762 new sessions (2014-09-26 to 2021-09-24)
  NSC    1762 new sessions (2014-09-26 to 2021-09-24)
  FWONA  1762 new sessions (2014-09-26 to 2021-09-24)
  AFRM   177 new sessions (2021-01-13 to 2021-09-24)
  BX     1762 new sessions (2014-09-26 to 2021-09-24)
  JEF    1762 new sessions (2014-09-26 to 2021-09-24)
  XPEV   272 new sessions (2020-08-27 to 2021-09-24)
  CFG    1762 new sessions (2014-09-26 to 2021-09-24)
  TWST   730 new sessions (2018-10-31 to 2021-09-24)
  MSTR   1762 new sessions (2014-09-26 to 2021-09-24)
  PBA    1762 new sessions (2014-09-26 to 2021-09-24)
  AG     1762 new sessions (2014-09-26 to 2021-09-24)
  DTE    1762 new sessions (2014-09-26 to 2021-09-24)
  VICI   940 new sessions (2018-01-02 to 2021-09-24)
  IRM    1762 new sessions (2014-09-26 to 2021-09-24)
  TDY    1762 new sessions (2014-09-26 to 2021-09-24)
  IBRX   1553 new sessions (2015-07-28 to 2021-09-24)
  NTR    940 new sessions (2018-01-02 to 2021-09-24)
  XYL    1762 new sessions (2014-09-26 to 2021-09-24)
  CDE    1762 new sessions (2014-09-26 to 2021-09-24)
  CHD    1762 new sessions (2014-09-26 to 2021-09-24)
  EME    1762 new sessions (2014-09-26 to 2021-09-24)
  LEN    1762 new sessions (2014-09-26 to 2021-09-24)
  MLM    1762 new sessions (2014-09-26 to 2021-09-24)
  ACN    1762 new sessions (2014-09-26 to 2021-09-24)
  CTRE   1762 new sessions (2014-09-26 to 2021-09-24)
  HSIC   1762 new sessions (2014-09-26 to 2021-09-24)
  TS     1762 new sessions (2014-09-26 to 2021-09-24)
  BMO    1762 new sessions (2014-09-26 to 2021-09-24)
  SSL    1762 new sessions (2014-09-26 to 2021-09-24)
  BMRN   1762 new sessions (2014-09-26 to 2021-09-24)
  RTO    1762 new sessions (2014-09-26 to 2021-09-24)
  F      1762 new sessions (2014-09-26 to 2021-09-24)
  CLS    1762 new sessions (2014-09-26 to 2021-09-24)
  DG     1762 new sessions (2014-09-26 to 2021-09-24)
  ADM    1762 new sessions (2014-09-26 to 2021-09-24)
  BABA   1762 new sessions (2014-09-26 to 2021-09-24)
  SAIA   1762 new sessions (2014-09-26 to 2021-09-24)
  NMR    1762 new sessions (2014-09-26 to 2021-09-24)
  PODD   1762 new sessions (2014-09-26 to 2021-09-24)
  WDC    1762 new sessions (2014-09-26 to 2021-09-24)
  CSX    1762 new sessions (2014-09-26 to 2021-09-24)
  SPOT   878 new sessions (2018-04-03 to 2021-09-24)
  AFL    1762 new sessions (2014-09-26 to 2021-09-24)
  SONY   1762 new sessions (2014-09-26 to 2021-09-24)
  KHC    1569 new sessions (2015-07-06 to 2021-09-24)
  VRSK   1762 new sessions (2014-09-26 to 2021-09-24)
  PH     1762 new sessions (2014-09-26 to 2021-09-24)
  LYB    1762 new sessions (2014-09-26 to 2021-09-24)
  PTC    1762 new sessions (2014-09-26 to 2021-09-24)
  MTD    1762 new sessions (2014-09-26 to 2021-09-24)
  BBVA   1762 new sessions (2014-09-26 to 2021-09-24)
  LITE   1556 new sessions (2015-07-23 to 2021-09-24)
  LPLA   1762 new sessions (2014-09-26 to 2021-09-24)
  PPL    1762 new sessions (2014-09-26 to 2021-09-24)
  NI     1762 new sessions (2014-09-26 to 2021-09-24)
  COF    1762 new sessions (2014-09-26 to 2021-09-24)
  EXEL   1762 new sessions (2014-09-26 to 2021-09-24)
  MEDP   1290 new sessions (2016-08-11 to 2021-09-24)
  DOCU   860 new sessions (2018-04-27 to 2021-09-24)
  QGEN   1762 new sessions (2014-09-26 to 2021-09-24)
  DOCN   129 new sessions (2021-03-24 to 2021-09-24)
  FNV    1762 new sessions (2014-09-26 to 2021-09-24)
  BEN    1762 new sessions (2014-09-26 to 2021-09-24)
  AKAM   1762 new sessions (2014-09-26 to 2021-09-24)
  IT     1762 new sessions (2014-09-26 to 2021-09-24)
  CMS    1762 new sessions (2014-09-26 to 2021-09-24)
  ZBH    1762 new sessions (2014-09-26 to 2021-09-24)
  ODFL   1762 new sessions (2014-09-26 to 2021-09-24)
  A      1762 new sessions (2014-09-26 to 2021-09-24)
  BEP    1762 new sessions (2014-09-26 to 2021-09-24)
  TTWO   1762 new sessions (2014-09-26 to 2021-09-24)
  SCCO   1762 new sessions (2014-09-26 to 2021-09-24)
  STX    1762 new sessions (2014-09-26 to 2021-09-24)
  CHT    1762 new sessions (2014-09-26 to 2021-09-24)
  DLTR   1762 new sessions (2014-09-26 to 2021-09-24)
  TCOM   1762 new sessions (2014-09-26 to 2021-09-24)
  STRL   1762 new sessions (2014-09-26 to 2021-09-24)
  CNQ    1762 new sessions (2014-09-26 to 2021-09-24)
  AM     1107 new sessions (2017-05-04 to 2021-09-24)
  BNT    63 new sessions (2021-06-28 to 2021-09-24)
  MPC    1762 new sessions (2014-09-26 to 2021-09-24)
  RACE   1493 new sessions (2015-10-21 to 2021-09-24)
  EOG    1762 new sessions (2014-09-26 to 2021-09-24)
  RKLB   210 new sessions (2020-11-24 to 2021-09-24)
  FIS    1762 new sessions (2014-09-26 to 2021-09-24)
  FCFS   1762 new sessions (2014-09-26 to 2021-09-24)
  CIEN   1762 new sessions (2014-09-26 to 2021-09-24)
  DRS    1762 new sessions (2014-09-26 to 2021-09-24)
  AIT    1762 new sessions (2014-09-26 to 2021-09-24)
  AAOI   1762 new sessions (2014-09-26 to 2021-09-24)
  WST    1762 new sessions (2014-09-26 to 2021-09-24)
  MLI    1762 new sessions (2014-09-26 to 2021-09-24)
  FFIV   1762 new sessions (2014-09-26 to 2021-09-24)
  AUR    97 new sessions (2021-05-10 to 2021-09-24)
  TFC    1762 new sessions (2014-09-26 to 2021-09-24)
  HPQ    1762 new sessions (2014-09-26 to 2021-09-24)
  MT     1762 new sessions (2014-09-26 to 2021-09-24)
  PKG    1762 new sessions (2014-09-26 to 2021-09-24)
  DAR    1762 new sessions (2014-09-26 to 2021-09-24)
  MMM    1762 new sessions (2014-09-26 to 2021-09-24)
  WLK    1762 new sessions (2014-09-26 to 2021-09-24)
  PNR    1762 new sessions (2014-09-26 to 2021-09-24)
  CUBE   1762 new sessions (2014-09-26 to 2021-09-24)
  YMM    66 new sessions (2021-06-23 to 2021-09-24)
  LDOS   1762 new sessions (2014-09-26 to 2021-09-24)
  MGM    1762 new sessions (2014-09-26 to 2021-09-24)
  AMAT   1507 new sessions (2014-09-26 to 2020-09-21)
  ETR    1762 new sessions (2014-09-26 to 2021-09-24)
  SQM    1762 new sessions (2014-09-26 to 2021-09-24)
  GWW    1762 new sessions (2014-09-26 to 2021-09-24)
  PLTR   249 new sessions (2020-09-30 to 2021-09-24)
  TKO    1762 new sessions (2014-09-26 to 2021-09-24)
  MPWR   1762 new sessions (2014-09-26 to 2021-09-24)
  CMI    1762 new sessions (2014-09-26 to 2021-09-24)
  EXR    1762 new sessions (2014-09-26 to 2021-09-24)
  BAX    1762 new sessions (2014-09-26 to 2021-09-24)
  OC     1762 new sessions (2014-09-26 to 2021-09-24)
  EHC    1762 new sessions (2014-09-26 to 2021-09-24)
  ELAN   759 new sessions (2018-09-20 to 2021-09-24)
  AXSM   1472 new sessions (2015-11-19 to 2021-09-24)
  GRAB   206 new sessions (2020-12-01 to 2021-09-24)
  HSBC   1762 new sessions (2014-09-26 to 2021-09-24)
  FER    1762 new sessions (2014-09-26 to 2021-09-24)
  L      1762 new sessions (2014-09-26 to 2021-09-24)
  BNY    1762 new sessions (2014-09-26 to 2021-09-24)
  DOC    1762 new sessions (2014-09-26 to 2021-09-24)
  USFD   1343 new sessions (2016-05-26 to 2021-09-24)
  SSB    1762 new sessions (2014-09-26 to 2021-09-24)
  SMFG   1762 new sessions (2014-09-26 to 2021-09-24)
  OWL    197 new sessions (2020-12-14 to 2021-09-24)
  IBKR   1762 new sessions (2014-09-26 to 2021-09-24)
  MAA    1762 new sessions (2014-09-26 to 2021-09-24)
  LAMR   1762 new sessions (2014-09-26 to 2021-09-24)
  EVR    1762 new sessions (2014-09-26 to 2021-09-24)
  ROKU   1005 new sessions (2017-09-28 to 2021-09-24)
  EXPD   1762 new sessions (2014-09-26 to 2021-09-24)
  INCY   1762 new sessions (2014-09-26 to 2021-09-24)
  BNS    1762 new sessions (2014-09-26 to 2021-09-24)
  LYV    1762 new sessions (2014-09-26 to 2021-09-24)
  ASML   1762 new sessions (2014-09-26 to 2021-09-24)
  FISV   1762 new sessions (2014-09-26 to 2021-09-24)
  VSAT   1762 new sessions (2014-09-26 to 2021-09-24)
  JBL    1762 new sessions (2014-09-26 to 2021-09-24)
  WY     1762 new sessions (2014-09-26 to 2021-09-24)
  E      1762 new sessions (2014-09-26 to 2021-09-24)
  PCAR   1762 new sessions (2014-09-26 to 2021-09-24)
  COR    1762 new sessions (2014-09-26 to 2021-09-24)
  DOW    636 new sessions (2019-03-20 to 2021-09-24)
  ROP    1762 new sessions (2014-09-26 to 2021-09-24)
  GL     1762 new sessions (2014-09-26 to 2021-09-24)
  UAL    1762 new sessions (2014-09-26 to 2021-09-24)
  EIX    1762 new sessions (2014-09-26 to 2021-09-24)
  TRMB   1762 new sessions (2014-09-26 to 2021-09-24)
  DPZ    1762 new sessions (2014-09-26 to 2021-09-24)
  CQP    1762 new sessions (2014-09-26 to 2021-09-24)
  BRO    1762 new sessions (2014-09-26 to 2021-09-24)
  COHR   1762 new sessions (2014-09-26 to 2021-09-24)
  WEC    1762 new sessions (2014-09-26 to 2021-09-24)
  PTGX   1290 new sessions (2016-08-11 to 2021-09-24)
  BCH    1762 new sessions (2014-09-26 to 2021-09-24)
  IBN    1762 new sessions (2014-09-26 to 2021-09-24)
  BAH    1762 new sessions (2014-09-26 to 2021-09-24)
  RS     1762 new sessions (2014-09-26 to 2021-09-24)
  ROIV   201 new sessions (2020-12-08 to 2021-09-24)
  FICO   1762 new sessions (2014-09-26 to 2021-09-24)
  REXR   1762 new sessions (2014-09-26 to 2021-09-24)
  UBS    1762 new sessions (2014-09-26 to 2021-09-24)
  MUFG   1762 new sessions (2014-09-26 to 2021-09-24)
  TT     1762 new sessions (2014-09-26 to 2021-09-24)
  NWG    1762 new sessions (2014-09-26 to 2021-09-24)
  META   1762 new sessions (2014-09-26 to 2021-09-24)
  ADP    1762 new sessions (2014-09-26 to 2021-09-24)
  FIX    1762 new sessions (2014-09-26 to 2021-09-24)
  PAYC   1762 new sessions (2014-09-26 to 2021-09-24)
  NVMI   1762 new sessions (2014-09-26 to 2021-09-24)
  FLEX   1762 new sessions (2014-09-26 to 2021-09-24)
  EQNR   1762 new sessions (2014-09-26 to 2021-09-24)
  VNOM   1762 new sessions (2014-09-26 to 2021-09-24)
  OHI    1762 new sessions (2014-09-26 to 2021-09-24)
  WSM    1762 new sessions (2014-09-26 to 2021-09-24)
  TTE    1762 new sessions (2014-09-26 to 2021-09-24)
  HOOD   41 new sessions (2021-07-29 to 2021-09-24)
  ALLY   1762 new sessions (2014-09-26 to 2021-09-24)
  OXY    1762 new sessions (2014-09-26 to 2021-09-24)
  MKC    1762 new sessions (2014-09-26 to 2021-09-24)
  CIB    1762 new sessions (2014-09-26 to 2021-09-24)
  PAC    1762 new sessions (2014-09-26 to 2021-09-24)
  VOD    1762 new sessions (2014-09-26 to 2021-09-24)
  AMG    1762 new sessions (2014-09-26 to 2021-09-24)
  EAT    2766 new sessions (2014-09-26 to 2025-09-25)
  ALL    1762 new sessions (2014-09-26 to 2021-09-24)
  BN     1762 new sessions (2014-09-26 to 2021-09-24)
  IP     1762 new sessions (2014-09-26 to 2021-09-24)
  HLI    1541 new sessions (2015-08-13 to 2021-09-24)
  BG     1762 new sessions (2014-09-26 to 2021-09-24)
  SLF    1762 new sessions (2014-09-26 to 2021-09-24)
  B      1762 new sessions (2014-09-26 to 2021-09-24)
  CPAY   1762 new sessions (2014-09-26 to 2021-09-24)
  PHG    1762 new sessions (2014-09-26 to 2021-09-24)
  APP    114 new sessions (2021-04-15 to 2021-09-24)
  TME    702 new sessions (2018-12-12 to 2021-09-24)
  IEX    1762 new sessions (2014-09-26 to 2021-09-24)
  DOV    1762 new sessions (2014-09-26 to 2021-09-24)
  DB     1762 new sessions (2014-09-26 to 2021-09-24)
  PDD    798 new sessions (2018-07-26 to 2021-09-24)
  KT     1762 new sessions (2014-09-26 to 2021-09-24)
  MELI   1762 new sessions (2014-09-26 to 2021-09-24)
  TU     1762 new sessions (2014-09-26 to 2021-09-24)
  HL     1762 new sessions (2014-09-26 to 2021-09-24)
  PAAS   1762 new sessions (2014-09-26 to 2021-09-24)
  NTRS   1762 new sessions (2014-09-26 to 2021-09-24)
  FSLR   1762 new sessions (2014-09-26 to 2021-09-24)
  HIG    1762 new sessions (2014-09-26 to 2021-09-24)
  TECK   1762 new sessions (2014-09-26 to 2021-09-24)
  GPN    1762 new sessions (2014-09-26 to 2021-09-24)
  ES     1762 new sessions (2014-09-26 to 2021-09-24)
  TGTX   1762 new sessions (2014-09-26 to 2021-09-24)
  TEL    1762 new sessions (2014-09-26 to 2021-09-24)
  VST    1252 new sessions (2016-10-05 to 2021-09-24)
  AGNC   1762 new sessions (2014-09-26 to 2021-09-24)
  RBA    1762 new sessions (2014-09-26 to 2021-09-24)
  QSR    1709 new sessions (2014-12-11 to 2021-09-24)
  NUE    1762 new sessions (2014-09-26 to 2021-09-24)
  PHM    1762 new sessions (2014-09-26 to 2021-09-24)
  STM    1762 new sessions (2014-09-26 to 2021-09-24)
  SNA    1762 new sessions (2014-09-26 to 2021-09-24)
  PFG    1762 new sessions (2014-09-26 to 2021-09-24)
  KTOS   1762 new sessions (2014-09-26 to 2021-09-24)
  W      1758 new sessions (2014-10-02 to 2021-09-24)
  DVA    1762 new sessions (2014-09-26 to 2021-09-24)
  EXPE   1762 new sessions (2014-09-26 to 2021-09-24)
  TSN    1762 new sessions (2014-09-26 to 2021-09-24)
  CNA    1762 new sessions (2014-09-26 to 2021-09-24)
  PWR    1762 new sessions (2014-09-26 to 2021-09-24)
  RNR    1762 new sessions (2014-09-26 to 2021-09-24)
  OVV    1762 new sessions (2014-09-26 to 2021-09-24)
  DEO    1762 new sessions (2014-09-26 to 2021-09-24)
  RVMD   408 new sessions (2020-02-13 to 2021-09-24)
  AA     1762 new sessions (2014-09-26 to 2021-09-24)
  SAN    1762 new sessions (2014-09-26 to 2021-09-24)
  TROW   1762 new sessions (2014-09-26 to 2021-09-24)
  CCL    1762 new sessions (2014-09-26 to 2021-09-24)
  RIOT   1383 new sessions (2016-03-31 to 2021-09-24)
  AWK    1762 new sessions (2014-09-26 to 2021-09-24)
  AXON   1762 new sessions (2014-09-26 to 2021-09-24)
  TW     625 new sessions (2019-04-04 to 2021-09-24)
  SBAC   1762 new sessions (2014-09-26 to 2021-09-24)
  BTI    1762 new sessions (2014-09-26 to 2021-09-24)
  MP     319 new sessions (2020-06-22 to 2021-09-24)
  FRT    1762 new sessions (2014-09-26 to 2021-09-24)
  KRYS   1011 new sessions (2017-09-20 to 2021-09-24)
  PBR    1762 new sessions (2014-09-26 to 2021-09-24)
  RSG    1762 new sessions (2014-09-26 to 2021-09-24)
  COP    1762 new sessions (2014-09-26 to 2021-09-24)
  AR     1762 new sessions (2014-09-26 to 2021-09-24)
  ROL    1762 new sessions (2014-09-26 to 2021-09-24)
  SHG    1762 new sessions (2014-09-26 to 2021-09-24)
  AMX    1762 new sessions (2014-09-26 to 2021-09-24)
  BSAC   1762 new sessions (2014-09-26 to 2021-09-24)
  GRMN   1762 new sessions (2014-09-26 to 2021-09-24)
  BWXT   1762 new sessions (2014-09-26 to 2021-09-24)
  MCK    1762 new sessions (2014-09-26 to 2021-09-24)
  KMB    1762 new sessions (2014-09-26 to 2021-09-24)
  SUN    1762 new sessions (2014-09-26 to 2021-09-24)
  LYG    1762 new sessions (2014-09-26 to 2021-09-24)
  LNG    1762 new sessions (2014-09-26 to 2021-09-24)
  TPR    1762 new sessions (2014-09-26 to 2021-09-24)
  IR     1101 new sessions (2017-05-12 to 2021-09-24)
  LUV    1762 new sessions (2014-09-26 to 2021-09-24)
  ARES   1762 new sessions (2014-09-26 to 2021-09-24)
  ESLT   1762 new sessions (2014-09-26 to 2021-09-24)
  BAP    1762 new sessions (2014-09-26 to 2021-09-24)
  ENTG   1762 new sessions (2014-09-26 to 2021-09-24)
  VOYA   1762 new sessions (2014-09-26 to 2021-09-24)
  WAB    1762 new sessions (2014-09-26 to 2021-09-24)
  LNT    1762 new sessions (2014-09-26 to 2021-09-24)
  EXE    158 new sessions (2021-02-10 to 2021-09-24)
  VRTX   1762 new sessions (2014-09-26 to 2021-09-24)
  WM     1762 new sessions (2014-09-26 to 2021-09-24)
  TRV    1762 new sessions (2014-09-26 to 2021-09-24)
  GFI    1762 new sessions (2014-09-26 to 2021-09-24)
  SKM    1762 new sessions (2014-09-26 to 2021-09-24)
  EVRG   1762 new sessions (2014-09-26 to 2021-09-24)
  TLK    1762 new sessions (2014-09-26 to 2021-09-24)
  RDY    1762 new sessions (2014-09-26 to 2021-09-24)
  AVTR   595 new sessions (2019-05-17 to 2021-09-24)
  BPOP   1762 new sessions (2014-09-26 to 2021-09-24)
  PRU    1762 new sessions (2014-09-26 to 2021-09-24)
  FHN    1762 new sessions (2014-09-26 to 2021-09-24)
  TIMB   1762 new sessions (2014-09-26 to 2021-09-24)
  BRKR   1762 new sessions (2014-09-26 to 2021-09-24)
  IDXX   1762 new sessions (2014-09-26 to 2021-09-24)
  HUBS   1753 new sessions (2014-10-09 to 2021-09-24)
  ARGX   1097 new sessions (2017-05-18 to 2021-09-24)
Stored 1340687 new sessions across 1006 companies in 835s (0 had none available).
